Component: ARM Compiler 5.06 update 7 (build 960) Tool: armlink [4d3601]

==============================================================================

Section Cross References

    startup_stm32f427xx.o(RESET) refers to startup_stm32f427xx.o(STACK) for __initial_sp
    startup_stm32f427xx.o(RESET) refers to startup_stm32f427xx.o(.text) for Reset_Handler
    startup_stm32f427xx.o(RESET) refers to stm32f4xx_it.o(i.NMI_Handler) for NMI_Handler
    startup_stm32f427xx.o(RESET) refers to stm32f4xx_it.o(i.HardFault_Handler) for HardFault_Handler
    startup_stm32f427xx.o(RESET) refers to stm32f4xx_it.o(i.MemManage_Handler) for MemManage_Handler
    startup_stm32f427xx.o(RESET) refers to stm32f4xx_it.o(i.BusFault_Handler) for BusFault_Handler
    startup_stm32f427xx.o(RESET) refers to stm32f4xx_it.o(i.UsageFault_Handler) for UsageFault_Handler
    startup_stm32f427xx.o(RESET) refers to port.o(.emb_text) for SVC_Handler
    startup_stm32f427xx.o(RESET) refers to stm32f4xx_it.o(i.DebugMon_Handler) for DebugMon_Handler
    startup_stm32f427xx.o(RESET) refers to port.o(i.SysTick_Handler) for SysTick_Handler
    startup_stm32f427xx.o(RESET) refers to stm32f4xx_it.o(i.DMA1_Stream1_IRQHandler) for DMA1_Stream1_IRQHandler
    startup_stm32f427xx.o(RESET) refers to stm32f4xx_it.o(i.DMA1_Stream6_IRQHandler) for DMA1_Stream6_IRQHandler
    startup_stm32f427xx.o(RESET) refers to stm32f4xx_it.o(i.CAN1_TX_IRQHandler) for CAN1_TX_IRQHandler
    startup_stm32f427xx.o(RESET) refers to stm32f4xx_it.o(i.CAN1_RX0_IRQHandler) for CAN1_RX0_IRQHandler
    startup_stm32f427xx.o(RESET) refers to stm32f4xx_it.o(i.CAN1_RX1_IRQHandler) for CAN1_RX1_IRQHandler
    startup_stm32f427xx.o(RESET) refers to stm32f4xx_it.o(i.TIM1_TRG_COM_TIM11_IRQHandler) for TIM1_TRG_COM_TIM11_IRQHandler
    startup_stm32f427xx.o(RESET) refers to stm32f4xx_it.o(i.USART1_IRQHandler) for USART1_IRQHandler
    startup_stm32f427xx.o(RESET) refers to stm32f4xx_it.o(i.USART3_IRQHandler) for USART3_IRQHandler
    startup_stm32f427xx.o(RESET) refers to stm32f4xx_it.o(i.TIM8_BRK_TIM12_IRQHandler) for TIM8_BRK_TIM12_IRQHandler
    startup_stm32f427xx.o(RESET) refers to stm32f4xx_it.o(i.DMA2_Stream1_IRQHandler) for DMA2_Stream1_IRQHandler
    startup_stm32f427xx.o(RESET) refers to stm32f4xx_it.o(i.DMA2_Stream2_IRQHandler) for DMA2_Stream2_IRQHandler
    startup_stm32f427xx.o(RESET) refers to stm32f4xx_it.o(i.CAN2_TX_IRQHandler) for CAN2_TX_IRQHandler
    startup_stm32f427xx.o(RESET) refers to stm32f4xx_it.o(i.CAN2_RX0_IRQHandler) for CAN2_RX0_IRQHandler
    startup_stm32f427xx.o(RESET) refers to stm32f4xx_it.o(i.CAN2_RX1_IRQHandler) for CAN2_RX1_IRQHandler
    startup_stm32f427xx.o(RESET) refers to stm32f4xx_it.o(i.USART6_IRQHandler) for USART6_IRQHandler
    startup_stm32f427xx.o(RESET) refers to stm32f4xx_it.o(i.UART8_IRQHandler) for UART8_IRQHandler
    startup_stm32f427xx.o(.text) refers to system_stm32f4xx.o(i.SystemInit) for SystemInit
    startup_stm32f427xx.o(.text) refers to entry.o(.ARM.Collect$$$$00000000) for __main
    main.o(i.HAL_TIM_PeriodElapsedCallback) refers to stm32f4xx_hal.o(i.HAL_IncTick) for HAL_IncTick
    main.o(i.SystemClock_Config) refers to memseta.o(.text) for __aeabi_memclr4
    main.o(i.SystemClock_Config) refers to stm32f4xx_hal_rcc.o(i.HAL_RCC_OscConfig) for HAL_RCC_OscConfig
    main.o(i.SystemClock_Config) refers to stm32f4xx_hal_pwr_ex.o(i.HAL_PWREx_EnableOverDrive) for HAL_PWREx_EnableOverDrive
    main.o(i.SystemClock_Config) refers to stm32f4xx_hal_rcc.o(i.HAL_RCC_ClockConfig) for HAL_RCC_ClockConfig
    main.o(i.main) refers to stm32f4xx_hal.o(i.HAL_Init) for HAL_Init
    main.o(i.main) refers to main.o(i.SystemClock_Config) for SystemClock_Config
    main.o(i.main) refers to gpio.o(i.MX_GPIO_Init) for MX_GPIO_Init
    main.o(i.main) refers to dma.o(i.MX_DMA_Init) for MX_DMA_Init
    main.o(i.main) refers to can.o(i.MX_CAN1_Init) for MX_CAN1_Init
    main.o(i.main) refers to can.o(i.MX_CAN2_Init) for MX_CAN2_Init
    main.o(i.main) refers to usart.o(i.MX_USART1_UART_Init) for MX_USART1_UART_Init
    main.o(i.main) refers to usart.o(i.MX_UART8_Init) for MX_UART8_Init
    main.o(i.main) refers to usart.o(i.MX_USART3_UART_Init) for MX_USART3_UART_Init
    main.o(i.main) refers to usart.o(i.MX_USART6_UART_Init) for MX_USART6_UART_Init
    main.o(i.main) refers to tim.o(i.MX_TIM2_Init) for MX_TIM2_Init
    main.o(i.main) refers to tim.o(i.MX_TIM3_Init) for MX_TIM3_Init
    main.o(i.main) refers to tim.o(i.MX_TIM1_Init) for MX_TIM1_Init
    main.o(i.main) refers to bsp_can.o(i.can_user_init) for can_user_init
    main.o(i.main) refers to bsp_uart.o(i.dbus_uart_init) for dbus_uart_init
    main.o(i.main) refers to bsp_uart.o(i.IMU_usart8_init) for IMU_usart8_init
    main.o(i.main) refers to imu_data_decode.o(i.imu_data_decode_init) for imu_data_decode_init
    main.o(i.main) refers to pid.o(i.pid_parameter_init) for pid_parameter_init
    main.o(i.main) refers to freertos.o(i.MX_FREERTOS_Init) for MX_FREERTOS_Init
[...]
    .text                                    0x0800030a   Section        0  memcpya.o(.text)
    .text                                    0x0800032e   Section        0  memseta.o(.text)
    .text                                    0x08000352   Section        0  llshl.o(.text)
    .text                                    0x08000370   Section        0  llushr.o(.text)
    .text                                    0x08000390   Section       36  init.o(.text)
    i.BusFault_Handler                       0x080003b4   Section        0  stm32f4xx_it.o(i.BusFault_Handler)
    i.CAN1_RX0_IRQHandler                    0x080003b8   Section        0  stm32f4xx_it.o(i.CAN1_RX0_IRQHandler)
    i.CAN1_RX1_IRQHandler                    0x080003c4   Section        0  stm32f4xx_it.o(i.CAN1_RX1_IRQHandler)
    i.CAN1_TX_IRQHandler                     0x080003d0   Section        0  stm32f4xx_it.o(i.CAN1_TX_IRQHandler)
    i.CAN2_RX0_IRQHandler                    0x080003dc   Section        0  stm32f4xx_it.o(i.CAN2_RX0_IRQHandler)
    i.CAN2_RX1_IRQHandler                    0x080003e8   Section        0  stm32f4xx_it.o(i.CAN2_RX1_IRQHandler)
    i.CAN2_TX_IRQHandler                     0x080003f4   Section        0  stm32f4xx_it.o(i.CAN2_TX_IRQHandler)
    i.ChassisTask                            0x08000400   Section        0  chassis.o(i.ChassisTask)
    i.ControlTask                            0x08000414   Section        0  control.o(i.ControlTask)
    i.DMA1_Stream1_IRQHandler                0x0800041c   Section        0  stm32f4xx_it.o(i.DMA1_Stream1_IRQHandler)
    i.DMA1_Stream6_IRQHandler                0x08000428   Section        0  stm32f4xx_it.o(i.DMA1_Stream6_IRQHandler)
    i.DMA2_Stream1_IRQHandler                0x08000434   Section        0  stm32f4xx_it.o(i.DMA2_Stream1_IRQHandler)
    i.DMA2_Stream2_IRQHandler                0x08000440   Section        0  stm32f4xx_it.o(i.DMA2_Stream2_IRQHandler)
    i.DMA_CalcBaseAndBitshift                0x0800044c   Section        0  stm32f4xx_hal_dma.o(i.DMA_CalcBaseAndBitshift)
    DMA_CalcBaseAndBitshift                  0x0800044d   Thumb Code    34  stm32f4xx_hal_dma.o(i.DMA_CalcBaseAndBitshift)
    i.DMA_CheckFifoParam                     0x08000474   Section        0  stm32f4xx_hal_dma.o(i.DMA_CheckFifoParam)
    DMA_CheckFifoParam                       0x08000475   Thumb Code    84  stm32f4xx_hal_dma.o(i.DMA_CheckFifoParam)
    i.DMA_SetConfig                          0x080004c8   Section        0  stm32f4xx_hal_dma.o(i.DMA_SetConfig)
    DMA_SetConfig                            0x080004c9   Thumb Code    40  stm32f4xx_hal_dma.o(i.DMA_SetConfig)
    i.DebugMon_Handler                       0x080004f0   Section        0  stm32f4xx_it.o(i.DebugMon_Handler)
    i.DefaultTask                            0x080004f2   Section        0  freertos.o(i.DefaultTask)
    i.Error_Handler                          0x080004fc   Section        0  main.o(i.Error_Handler)
    i.GyroscopeTask                          0x080004fe   Section        0  gyroscope.o(i.GyroscopeTask)
    i.HAL_CAN_ActivateNotification           0x08000506   Section        0  stm32f4xx_hal_can.o(i.HAL_CAN_ActivateNotification)
    i.HAL_CAN_AddTxMessage                   0x0800052a   Section        0  stm32f4xx_hal_can.o(i.HAL_CAN_AddTxMessage)
    i.HAL_CAN_ConfigFilter                   0x08000608   Section        0  stm32f4xx_hal_can.o(i.HAL_CAN_ConfigFilter)
    i.HAL_CAN_ErrorCallback                  0x08000714   Section        0  stm32f4xx_hal_can.o(i.HAL_CAN_ErrorCallback)
    i.HAL_CAN_GetRxMessage                   0x08000716   Section        0  stm32f4xx_hal_can.o(i.HAL_CAN_GetRxMessage)
    i.HAL_CAN_IRQHandler                     0x080007fe   Section        0  stm32f4xx_hal_can.o(i.HAL_CAN_IRQHandler)
    i.HAL_CAN_Init                           0x080009fa   Section        0  stm32f4xx_hal_can.o(i.HAL_CAN_Init)
    i.HAL_CAN_MspInit                        0x08000b14   Section        0  can.o(i.HAL_CAN_MspInit)
    i.HAL_CAN_RxFifo0FullCallback            0x08000c50   Section        0  stm32f4xx_hal_can.o(i.HAL_CAN_RxFifo0FullCallback)
    i.HAL_CAN_RxFifo0MsgPendingCallback      0x08000c54   Section        0  bsp_can.o(i.HAL_CAN_RxFifo0MsgPendingCallback)
    i.HAL_CAN_RxFifo1FullCallback            0x08000cec   Section        0  stm32f4xx_hal_can.o(i.HAL_CAN_RxFifo1FullCallback)
    i.HAL_CAN_RxFifo1MsgPendingCallback      0x08000cee   Section        0  stm32f4xx_hal_can.o(i.HAL_CAN_RxFifo1MsgPendingCallback)
    i.HAL_CAN_SleepCallback                  0x08000cf0   Section        0  stm32f4xx_hal_can.o(i.HAL_CAN_SleepCallback)
    i.HAL_CAN_Start                          0x08000cf4   Section        0  stm32f4xx_hal_can.o(i.HAL_CAN_Start)
    i.HAL_CAN_TxMailbox0AbortCallback        0x08000d4c   Section        0  stm32f4xx_hal_can.o(i.HAL_CAN_TxMailbox0AbortCallback)
    i.HAL_CAN_TxMailbox0CompleteCallback     0x08000d4e   Section        0  stm32f4xx_hal_can.o(i.HAL_CAN_TxMailbox0CompleteCallback)
    i.HAL_CAN_TxMailbox1AbortCallback        0x08000d50   Section        0  stm32f4xx_hal_can.o(i.HAL_CAN_TxMailbox1AbortCallback)
    i.HAL_CAN_TxMailbox1CompleteCallback     0x08000d52   Section        0  stm32f4xx_hal_can.o(i.HAL_CAN_TxMailbox1CompleteCallback)
    i.HAL_CAN_TxMailbox2AbortCallback        0x08000d54   Section        0  stm32f4xx_hal_can.o(i.HAL_CAN_TxMailbox2AbortCallback)
    i.HAL_CAN_TxMailbox2CompleteCallback     0x08000d56   Section        0  stm32f4xx_hal_can.o(i.HAL_CAN_TxMailbox2CompleteCallback)
    i.HAL_CAN_WakeUpFromRxMsgCallback        0x08000d58   Section        0  stm32f4xx_hal_can.o(i.HAL_CAN_WakeUpFromRxMsgCallback)
    i.HAL_DMA_Abort_IT                       0x08000d5a   Section        0  stm32f4xx_hal_dma.o(i.HAL_DMA_Abort_IT)
    i.HAL_DMA_IRQHandler                     0x08000d80   Section        0  stm32f4xx_hal_dma.o(i.HAL_DMA_IRQHandler)
    i.HAL_DMA_Init                           0x08000f20   Section        0  stm32f4xx_hal_dma.o(i.HAL_DMA_Init)
    i.HAL_DMA_Start                          0x08000ff4   Section        0  stm32f4xx_hal_dma.o(i.HAL_DMA_Start)
    i.HAL_GPIO_Init                          0x0800103c   Section        0  stm32f4xx_hal_gpio.o(i.HAL_GPIO_Init)
    i.HAL_GPIO_WritePin                      0x08001210   Section        0  stm32f4xx_hal_gpio.o(i.HAL_GPIO_WritePin)
    i.HAL_GetTick                            0x0800121c   Section        0  stm32f4xx_hal.o(i.HAL_GetTick)
    i.HAL_IncTick                            0x08001228   Section        0  stm32f4xx_hal.o(i.HAL_IncTick)
    i.HAL_Init                               0x08001238   Section        0  stm32f4xx_hal.o(i.HAL_Init)
    i.HAL_InitTick                           0x0800126c   Section        0  stm32f4xx_hal_timebase_tim.o(i.HAL_InitTick)
    i.HAL_MspInit                            0x080012e0   Section        0  stm32f4xx_hal_msp.o(i.HAL_MspInit)
    i.HAL_NVIC_EnableIRQ                     0x08001310   Section        0  stm32f4xx_hal_cortex.o(i.HAL_NVIC_EnableIRQ)
    i.HAL_NVIC_SetPriority                   0x0800132c   Section        0  stm32f4xx_hal_cortex.o(i.HAL_NVIC_SetPriority)
    i.HAL_NVIC_SetPriorityGrouping           0x0800136c   Section        0  stm32f4xx_hal_cortex.o(i.HAL_NVIC_SetPriorityGrouping)
    i.HAL_PWREx_EnableOverDrive              0x08001390   Section        0  stm32f4xx_hal_pwr_ex.o(i.HAL_PWREx_EnableOverDrive)
    i.HAL_RCC_ClockConfig                    0x08001400   Section        0  stm32f4xx_hal_rcc.o(i.HAL_RCC_ClockConfig)
    i.HAL_RCC_GetClockConfig                 0x08001534   Section        0  stm32f4xx_hal_rcc.o(i.HAL_RCC_GetClockConfig)
    i.HAL_RCC_GetPCLK1Freq                   0x08001574   Section        0  stm32f4xx_hal_rcc.o(i.HAL_RCC_GetPCLK1Freq)
    i.HAL_RCC_GetPCLK2Freq                   0x08001594   Section        0  stm32f4xx_hal_rcc.o(i.HAL_RCC_GetPCLK2Freq)
    i.HAL_RCC_GetSysClockFreq                0x080015b4   Section        0  stm32f4xx_hal_rcc.o(i.HAL_RCC_GetSysClockFreq)
    i.HAL_RCC_OscConfig                      0x08001618   Section        0  stm32f4xx_hal_rcc.o(i.HAL_RCC_OscConfig)
    i.HAL_TIMEx_BreakCallback                0x08001974   Section        0  stm32f4xx_hal_tim_ex.o(i.HAL_TIMEx_BreakCallback)
    i.HAL_TIMEx_CommutCallback               0x08001976   Section        0  stm32f4xx_hal_tim_ex.o(i.HAL_TIMEx_CommutCallback)
    i.HAL_TIMEx_MasterConfigSynchronization  0x08001978   Section        0  stm32f4xx_hal_tim_ex.o(i.HAL_TIMEx_MasterConfigSynchronization)
    i.HAL_TIM_Base_Init                      0x08001a08   Section        0  stm32f4xx_hal_tim.o(i.HAL_TIM_Base_Init)
    i.HAL_TIM_Base_MspInit                   0x08001a40   Section        0  tim.o(i.HAL_TIM_Base_MspInit)
    i.HAL_TIM_Base_Start_IT                  0x08001ab0   Section        0  stm32f4xx_hal_tim.o(i.HAL_TIM_Base_Start_IT)
    i.HAL_TIM_ConfigClockSource              0x08001ad2   Section        0  stm32f4xx_hal_tim.o(i.HAL_TIM_ConfigClockSource)
    i.HAL_TIM_IC_CaptureCallback             0x08001ba8   Section        0  stm32f4xx_hal_tim.o(i.HAL_TIM_IC_CaptureCallback)
    i.HAL_TIM_IRQHandler                     0x08001baa   Section        0  stm32f4xx_hal_tim.o(i.HAL_TIM_IRQHandler)
    i.HAL_TIM_OC_DelayElapsedCallback        0x08001d10   Section        0  stm32f4xx_hal_tim.o(i.HAL_TIM_OC_DelayElapsedCallback)
    i.HAL_TIM_PWM_PulseFinishedCallback      0x08001d12   Section        0  stm32f4xx_hal_tim.o(i.HAL_TIM_PWM_PulseFinishedCallback)
    i.HAL_TIM_PeriodElapsedCallback          0x08001d14   Section        0  main.o(i.HAL_TIM_PeriodElapsedCallback)
    i.HAL_TIM_TriggerCallback                0x08001d28   Section        0  stm32f4xx_hal_tim.o(i.HAL_TIM_TriggerCallback)
    i.HAL_UART_ErrorCallback                 0x08001d2a   Section        0  stm32f4xx_hal_uart.o(i.HAL_UART_ErrorCallback)
    i.HAL_UART_IRQHandler                    0x08001d2c   Section        0  stm32f4xx_hal_uart.o(i.HAL_UART_IRQHandler)
    i.HAL_UART_Init                          0x08001e40   Section        0  stm32f4xx_hal_uart.o(i.HAL_UART_Init)
    i.HAL_UART_MspInit                       0x08001ea4   Section        0  usart.o(i.HAL_UART_MspInit)
    i.HAL_UART_RxCpltCallback                0x0800210c   Section        0  stm32f4xx_hal_uart.o(i.HAL_UART_RxCpltCallback)
    i.HAL_UART_TxCpltCallback                0x0800210e   Section        0  stm32f4xx_hal_uart.o(i.HAL_UART_TxCpltCallback)
    i.HardFault_Handler                      0x08002110   Section        0  stm32f4xx_it.o(i.HardFault_Handler)
    i.IMU_usart8_init                        0x08002114   Section        0  bsp_uart.o(i.IMU_usart8_init)
    i.MX_CAN1_Init                           0x0800213c   Section        0  can.o(i.MX_CAN1_Init)
    i.MX_CAN2_Init                           0x08002180   Section        0  can.o(i.MX_CAN2_Init)
    i.MX_DMA_Init                            0x080021c4   Section        0  dma.o(i.MX_DMA_Init)
    i.MX_FREERTOS_Init                       0x08002230   Section        0  freertos.o(i.MX_FREERTOS_Init)
    i.MX_GPIO_Init                           0x08002298   Section        0  gpio.o(i.MX_GPIO_Init)
    i.MX_TIM1_Init                           0x080023a0   Section        0  tim.o(i.MX_TIM1_Init)
    i.MX_TIM2_Init                           0x0800240c   Section        0  tim.o(i.MX_TIM2_Init)
    i.MX_TIM3_Init                           0x08002474   Section        0  tim.o(i.MX_TIM3_Init)
    i.MX_UART8_Init                          0x080024dc   Section        0  usart.o(i.MX_UART8_Init)
    i.MX_USART1_UART_Init                    0x08002514   Section        0  usart.o(i.MX_USART1_UART_Init)
    i.MX_USART3_UART_Init                    0x08002554   Section        0  usart.o(i.MX_USART3_UART_Init)
    i.MX_USART6_UART_Init                    0x0800258c   Section        0  usart.o(i.MX_USART6_UART_Init)
    i.MemManage_Handler                      0x080025c4   Section        0  stm32f4xx_it.o(i.MemManage_Handler)
    i.NMI_Handler                            0x080025c6   Section        0  stm32f4xx_it.o(i.NMI_Handler)
    i.OnDataReceived                         0x080025c8   Section        0  imu_data_decode.o(i.OnDataReceived)
    OnDataReceived                           0x080025c9   Thumb Code   354  imu_data_decode.o(i.OnDataReceived)
    i.Packet_Decode                          0x0800273c   Section        0  packet.o(i.Packet_Decode)
    i.Packet_DecodeInit                      0x08002828   Section        0  packet.o(i.Packet_DecodeInit)
    i.SysTick_Handler                        0x08002840   Section        0  port.o(i.SysTick_Handler)
    i.SystemClock_Config                     0x0800286c   Section        0  main.o(i.SystemClock_Config)
    i.SystemInit                             0x080028f8   Section        0  system_stm32f4xx.o(i.SystemInit)
    i.TIM1_TRG_COM_TIM11_IRQHandler          0x08002914   Section        0  stm32f4xx_it.o(i.TIM1_TRG_COM_TIM11_IRQHandler)
    i.TIM8_BRK_TIM12_IRQHandler              0x08002920   Section        0  stm32f4xx_it.o(i.TIM8_BRK_TIM12_IRQHandler)
    i.TIM_Base_SetConfig                     0x0800292c   Section        0  stm32f4xx_hal_tim.o(i.TIM_Base_SetConfig)
    i.TIM_ETR_SetConfig                      0x080029f4   Section        0  stm32f4xx_hal_tim.o(i.TIM_ETR_SetConfig)
    i.TIM_ITRx_SetConfig                     0x08002a08   Section        0  stm32f4xx_hal_tim.o(i.TIM_ITRx_SetConfig)
    TIM_ITRx_SetConfig                       0x08002a09   Thumb Code    16  stm32f4xx_hal_tim.o(i.TIM_ITRx_SetConfig)
    i.TIM_TI1_ConfigInputStage               0x08002a18   Section        0  stm32f4xx_hal_tim.o(i.TIM_TI1_ConfigInputStage)
    TIM_TI1_ConfigInputStage                 0x08002a19   Thumb Code    34  stm32f4xx_hal_tim.o(i.TIM_TI1_ConfigInputStage)
    i.TIM_TI2_ConfigInputStage               0x08002a3a   Section        0  stm32f4xx_hal_tim.o(i.TIM_TI2_ConfigInputStage)
    TIM_TI2_ConfigInputStage                 0x08002a3b   Thumb Code    36  stm32f4xx_hal_tim.o(i.TIM_TI2_ConfigInputStage)
    i.UART8_IRQHandler                       0x08002a60   Section        0  stm32f4xx_it.o(i.UART8_IRQHandler)
    i.UART_DMAAbortOnError                   0x08002a80   Section        0  stm32f4xx_hal_uart.o(i.UART_DMAAbortOnError)
    UART_DMAAbortOnError                     0x08002a81   Thumb Code    16  stm32f4xx_hal_uart.o(i.UART_DMAAbortOnError)
    i.UART_EndRxTransfer                     0x08002a90   Section        0  stm32f4xx_hal_uart.o(i.UART_EndRxTransfer)
    UART_EndRxTransfer                       0x08002a91   Thumb Code    28  stm32f4xx_hal_uart.o(i.UART_EndRxTransfer)
    i.UART_Receive_IT                        0x08002aac   Section        0  stm32f4xx_hal_uart.o(i.UART_Receive_IT)
    UART_Receive_IT                          0x08002aad   Thumb Code   150  stm32f4xx_hal_uart.o(i.UART_Receive_IT)
    i.UART_SetConfig                         0x08002b44   Section        0  stm32f4xx_hal_uart.o(i.UART_SetConfig)
    UART_SetConfig                           0x08002b45   Thumb Code   286  stm32f4xx_hal_uart.o(i.UART_SetConfig)
    i.UART_Transmit_IT                       0x08002c6c   Section        0  stm32f4xx_hal_uart.o(i.UART_Transmit_IT)
    UART_Transmit_IT                         0x08002c6d   Thumb Code    98  stm32f4xx_hal_uart.o(i.UART_Transmit_IT)
    i.USART1_IRQHandler                      0x08002cd0   Section        0  stm32f4xx_it.o(i.USART1_IRQHandler)
    i.USART3_IRQHandler                      0x08002cf0   Section        0  stm32f4xx_it.o(i.USART3_IRQHandler)
    i.USART6_IRQHandler                      0x08002cfc   Section        0  stm32f4xx_it.o(i.USART6_IRQHandler)
    i.UsageFault_Handler                     0x08002d08   Section        0  stm32f4xx_it.o(i.UsageFault_Handler)
    i.__NVIC_SetPriority                     0x08002d0a   Section        0  stm32f4xx_hal_cortex.o(i.__NVIC_SetPriority)
    __NVIC_SetPriority                       0x08002d0b   Thumb Code    32  stm32f4xx_hal_cortex.o(i.__NVIC_SetPriority)
    i.__scatterload_copy                     0x08002d2a   Section       14  handlers.o(i.__scatterload_copy)
    i.__scatterload_null                     0x08002d38   Section        2  handlers.o(i.__scatterload_null)
    i.__scatterload_zeroinit                 0x08002d3a   Section       14  handlers.o(i.__scatterload_zeroinit)
    i.can_user_init                          0x08002d48   Section        0  bsp_can.o(i.can_user_init)
    i.crc16_update                           0x08002d82   Section        0  packet.o(i.crc16_update)
    crc16_update                             0x08002d83   Thumb Code    46  packet.o(i.crc16_update)
    i.dbus_uart_init                         0x08002db0   Section        0  bsp_uart.o(i.dbus_uart_init)
    i.get_moto3508_measure                   0x08002dd8   Section        0  bsp_can.o(i.get_moto3508_measure)
    i.get_moto3508_offset                    0x08002e1a   Section        0  bsp_can.o(i.get_moto3508_offset)
    i.gro_callback_handler                   0x08002e24   Section        0  bsp_uart.o(i.gro_callback_handler)
    i.imu_data_decode_init                   0x08002e64   Section        0  imu_data_decode.o(i.imu_data_decode_init)
    i.main                                   0x08002e7c   Section        0  main.o(i.main)
    i.makeFreeRtosPriority                   0x08002ee0   Section        0  cmsis_os.o(i.makeFreeRtosPriority)
    makeFreeRtosPriority                     0x08002ee1   Thumb Code    12  cmsis_os.o(i.makeFreeRtosPriority)
    i.osDelay                                0x08002eec   Section        0  cmsis_os.o(i.osDelay)
    i.osKernelStart                          0x08002efa   Section        0  cmsis_os.o(i.osKernelStart)
    i.osThreadCreate                         0x08002f04   Section        0  cmsis_os.o(i.osThreadCreate)
    i.pid_parameter_init                     0x08002f58   Section        0  pid.o(i.pid_parameter_init)
    i.prvAddCurrentTaskToDelayedList         0x08002f5c   Section        0  tasks.o(i.prvAddCurrentTaskToDelayedList)
    prvAddCurrentTaskToDelayedList           0x08002f5d   Thumb Code   102  tasks.o(i.prvAddCurrentTaskToDelayedList)
    i.prvAddNewTaskToReadyList               0x08002fcc   Section        0  tasks.o(i.prvAddNewTaskToReadyList)
    prvAddNewTaskToReadyList                 0x08002fcd   Thumb Code   194  tasks.o(i.prvAddNewTaskToReadyList)
    i.prvDeleteTCB                           0x0800309c   Section        0  tasks.o(i.prvDeleteTCB)
    prvDeleteTCB                             0x0800309d   Thumb Code    52  tasks.o(i.prvDeleteTCB)
    i.prvHeapInit                            0x080030d0   Section        0  heap_4.o(i.prvHeapInit)
    prvHeapInit                              0x080030d1   Thumb Code    66  heap_4.o(i.prvHeapInit)
    i.prvIdleTask                            0x0800311c   Section        0  tasks.o(i.prvIdleTask)
    prvIdleTask                              0x0800311d   Thumb Code    82  tasks.o(i.prvIdleTask)
    i.prvInitialiseNewTask                   0x0800317c   Section        0  tasks.o(i.prvInitialiseNewTask)
    prvInitialiseNewTask                     0x0800317d   Thumb Code   152  tasks.o(i.prvInitialiseNewTask)
    i.prvInsertBlockIntoFreeList             0x08003214   Section        0  heap_4.o(i.prvInsertBlockIntoFreeList)
    prvInsertBlockIntoFreeList               0x08003215   Thumb Code    72  heap_4.o(i.prvInsertBlockIntoFreeList)
    i.prvResetNextTaskUnblockTime            0x08003260   Section        0  tasks.o(i.prvResetNextTaskUnblockTime)
    prvResetNextTaskUnblockTime              0x08003261   Thumb Code    26  tasks.o(i.prvResetNextTaskUnblockTime)
    i.prvTaskExitError                       0x08003280   Section        0  port.o(i.prvTaskExitError)
    prvTaskExitError                         0x08003281   Thumb Code    36  port.o(i.prvTaskExitError)
    i.pvPortMalloc                           0x080032a8   Section        0  heap_4.o(i.pvPortMalloc)
    i.pxPortInitialiseStack                  0x08003380   Section        0  port.o(i.pxPortInitialiseStack)
    i.rc_callback_handler                    0x080033ac   Section        0  bsp_uart.o(i.rc_callback_handler)
    i.send_iq_by_can1                        0x08003454   Section        0  bsp_can.o(i.send_iq_by_can1)
    i.uart_receive_dma_no_it                 0x080034c8   Section        0  bsp_uart.o(i.uart_receive_dma_no_it)
    i.uart_receive_handler                   0x08003506   Section        0  bsp_uart.o(i.uart_receive_handler)
    i.uart_rx_idle_callback                  0x0800351c   Section        0  bsp_uart.o(i.uart_rx_idle_callback)
    uart_rx_idle_callback                    0x0800351d   Thumb Code   116  bsp_uart.o(i.uart_rx_idle_callback)
    i.uxListRemove                           0x0800359c   Section        0  list.o(i.uxListRemove)
    i.vApplicationGetIdleTaskMemory          0x080035c4   Section        0  freertos.o(i.vApplicationGetIdleTaskMemory)
    i.vListInitialise                        0x080035d8   Section        0  list.o(i.vListInitialise)
    i.vListInitialiseItem                    0x080035ee   Section        0  list.o(i.vListInitialiseItem)
    i.vListInsert                            0x080035f4   Section        0  list.o(i.vListInsert)
    i.vListInsertEnd                         0x08003624   Section        0  list.o(i.vListInsertEnd)
    i.vPortEnterCritical                     0x0800363c   Section        0  port.o(i.vPortEnterCritical)
    i.vPortExitCritical                      0x0800367c   Section        0  port.o(i.vPortExitCritical)
    i.vPortFree                              0x080036a4   Section        0  heap_4.o(i.vPortFree)
    i.vPortSetupTimerInterrupt               0x08003700   Section        0  port.o(i.vPortSetupTimerInterrupt)
    i.vTaskDelay                             0x08003724   Section        0  tasks.o(i.vTaskDelay)
    i.vTaskStartScheduler                    0x08003770   Section        0  tasks.o(i.vTaskStartScheduler)
    i.vTaskSuspendAll                        0x080037dc   Section        0  tasks.o(i.vTaskSuspendAll)
    i.vTaskSwitchContext                     0x080037ec   Section        0  tasks.o(i.vTaskSwitchContext)
    i.xPortStartScheduler                    0x08003848   Section        0  port.o(i.xPortStartScheduler)
    i.xTaskCreate                            0x0800393c   Section        0  tasks.o(i.xTaskCreate)
    i.xTaskCreateStatic                      0x08003996   Section        0  tasks.o(i.xTaskCreateStatic)
    i.xTaskIncrementTick                     0x080039ec   Section        0  tasks.o(i.xTaskIncrementTick)
    i.xTaskResumeAll                         0x08003ab4   Section        0  tasks.o(i.xTaskResumeAll)
    .constdata                               0x08003b78   Section      112  freertos.o(.constdata)
    .constdata                               0x08003be8   Section        8  stm32f4xx_hal_dma.o(.constdata)
    flagBitshiftOffset                       0x08003be8   Data           8  stm32f4xx_hal_dma.o(.constdata)
    .constdata                               0x08003bf0   Section       16  system_stm32f4xx.o(.constdata)
    .constdata                               0x08003c00   Section        8  system_stm32f4xx.o(.constdata)
    .conststring                             0x08003c08   Section       36  freertos.o(.conststring)
    .data                                    0x20000000   Section       16  freertos.o(.data)
    .data                                    0x20000010   Section        4  can.o(.data)
    HAL_RCC_CAN1_CLK_ENABLED                 0x20000010   Data           4  can.o(.data)
    .data                                    0x20000014   Section       12  stm32f4xx_hal.o(.data)
    .data                                    0x20000020   Section        4  system_stm32f4xx.o(.data)
    .data                                    0x20000024   Section       60  tasks.o(.data)
    pxDelayedTaskList                        0x20000028   Data           4  tasks.o(.data)
    pxOverflowDelayedTaskList                0x2000002c   Data           4  tasks.o(.data)
    uxDeletedTasksWaitingCleanUp             0x20000030   Data           4  tasks.o(.data)
    uxCurrentNumberOfTasks                   0x20000034   Data           4  tasks.o(.data)
    xTickCount                               0x20000038   Data           4  tasks.o(.data)
    uxTopReadyPriority                       0x2000003c   Data           4  tasks.o(.data)
    xSchedulerRunning                        0x20000040   Data           4  tasks.o(.data)
    uxPendedTicks                            0x20000044   Data           4  tasks.o(.data)
    xYieldPending                            0x20000048   Data           4  tasks.o(.data)
    xNumOfOverflows                          0x2000004c   Data           4  tasks.o(.data)
    uxTaskNumber                             0x20000050   Data           4  tasks.o(.data)
    xNextTaskUnblockTime                     0x20000054   Data           4  tasks.o(.data)
    xIdleTaskHandle                          0x20000058   Data           4  tasks.o(.data)
    uxSchedulerSuspended                     0x2000005c   Data           4  tasks.o(.data)
    .data                                    0x20000060   Section       24  heap_4.o(.data)
    pxEnd                                    0x20000060   Data           4  heap_4.o(.data)
    xFreeBytesRemaining                      0x20000064   Data           4  heap_4.o(.data)
    xMinimumEverFreeBytesRemaining           0x20000068   Data           4  heap_4.o(.data)
    xBlockAllocatedBit                       0x2000006c   Data           4  heap_4.o(.data)
    xStart                                   0x20000070   Data           8  heap_4.o(.data)
    .data                                    0x20000078   Section       12  port.o(.data)
    ucMaxSysCallPriority                     0x20000078   Data           1  port.o(.data)
    uxCriticalNesting                        0x2000007c   Data           4  port.o(.data)
    ulMaxPRIGROUPValue                       0x20000080   Data           4  port.o(.data)
    .data                                    0x20000084   Section       24  bsp_can.o(.data)
    i                                        0x20000084   Data           1  bsp_can.o(.data)
    .data                                    0x2000009c   Section        1  bsp_uart.o(.data)
    .data                                    0x200000a0   Section       38  imu_data_decode.o(.data)
    .data                                    0x200000c8   Section       20  packet.o(.data)
    status                                   0x200000c8   Data           1  packet.o(.data)
    CRCReceived                              0x200000ca   Data           2  packet.o(.data)
    CRCCalculated                            0x200000cc   Data           2  packet.o(.data)
    crc_header                               0x200000ce   Data           4  packet.o(.data)
    EventHandler                             0x200000d4   Data           4  packet.o(.data)
    RxPkt                                    0x200000d8   Data           4  packet.o(.data)
    .data                                    0x200000dc   Section        2  system.o(.data)
    .data                                    0x200000de   Section        2  system.o(.data)
    .data                                    0x200000e0   Section        8  chassis.o(.data)
    .bss                                     0x200000e8   Section      596  freertos.o(.bss)
    xIdleTaskTCBBuffer                       0x200000e8   Data          84  freertos.o(.bss)
    xIdleStack                               0x2000013c   Data         512  freertos.o(.bss)
    .bss                                     0x2000033c   Section       80  can.o(.bss)
    .bss                                     0x2000038c   Section      192  tim.o(.bss)
    .bss                                     0x2000044c   Section      640  usart.o(.bss)
    .bss                                     0x200006cc   Section       64  stm32f4xx_hal_timebase_tim.o(.bss)
    .bss                                     0x2000070c   Section      240  tasks.o(.bss)
    pxReadyTasksLists                        0x2000070c   Data         140  tasks.o(.bss)
    xDelayedTaskList1                        0x20000798   Data          20  tasks.o(.bss)
    xDelayedTaskList2                        0x200007ac   Data          20  tasks.o(.bss)
    xPendingReadyList                        0x200007c0   Data          20  tasks.o(.bss)
    xTasksWaitingTermination                 0x200007d4   Data          20  tasks.o(.bss)
    xSuspendedTaskList                       0x200007e8   Data          20  tasks.o(.bss)
    .bss                                     0x200007fc   Section    15360  heap_4.o(.bss)
    ucHeap                                   0x200007fc   Data       15360  heap_4.o(.bss)
    .bss                                     0x200043fc   Section      200  bsp_can.o(.bss)
    .bss                                     0x200044c4   Section       68  bsp_uart.o(.bss)
    .bss                                     0x20004508   Section      168  imu_data_decode.o(.bss)
    RxPkt                                    0x20004508   Data         140  imu_data_decode.o(.bss)
    STACK                                    0x200045b0   Section     1024  startup_stm32f427xx.o(STACK)

    Global Symbols

    Symbol Name                              Value     Ov Type        Size  Object(Section)

    BuildAttributes$$THM_ISAv4$E$P$D$K$B$S$7EM$VFPi3$EXTD16$VFPS$VFMA$PE$A:L22UL41UL21$X:L11$S22US41US21$IEEE1$IW$USESV6$~STKCKD$USESV7$~SHL$OSPACE$ROPI$EBA8$MICROLIB$REQ8$PRES8$EABIv2 0x00000000   Number         0  anon$$obj.o ABSOLUTE
    __ARM_use_no_argv                        0x00000000   Number         0  main.o ABSOLUTE
    __arm_fini_                               - Undefined Weak Reference
    __cpp_initialize__aeabi_                  - Undefined Weak Reference
    __cxa_finalize                            - Undefined Weak Reference
    __decompress                              - Undefined Weak Reference
    _clock_init                               - Undefined Weak Reference
    _microlib_exit                            - Undefined Weak Reference
    __Vectors_Size                           0x000001ac   Number         0  startup_stm32f427xx.o ABSOLUTE
    __Vectors                                0x08000000   Data           4  startup_stm32f427xx.o(RESET)
    __Vectors_End                            0x080001ac   Data           0  startup_stm32f427xx.o(RESET)
    __main                                   0x080001ad   Thumb Code     0  entry.o(.ARM.Collect$$$$00000000)
    _main_stk                                0x080001ad   Thumb Code     0  entry2.o(.ARM.Collect$$$$00000001)
    _main_scatterload                        0x080001b1   Thumb Code     0  entry5.o(.ARM.Collect$$$$00000004)
    __main_after_scatterload                 0x080001b5   Thumb Code     0  entry5.o(.ARM.Collect$$$$00000004)
    _main_clock                              0x080001b5   Thumb Code     0  entry7b.o(.ARM.Collect$$$$00000008)
    _main_cpp_init                           0x080001b5   Thumb Code     0  entry8b.o(.ARM.Collect$$$$0000000A)
    _main_init                               0x080001b5   Thumb Code     0  entry9a.o(.ARM.Collect$$$$0000000B)
    __rt_lib_shutdown_fini                   0x080001bd   Thumb Code     0  entry12b.o(.ARM.Collect$$$$0000000E)
    __rt_final_cpp                           0x080001c1   Thumb Code     0  entry10a.o(.ARM.Collect$$$$0000000F)
    __rt_final_exit                          0x080001c1   Thumb Code     0  entry11a.o(.ARM.Collect$$$$00000011)
    SVC_Handler                              0x080001c5   Thumb Code    28  port.o(.emb_text)
    __asm___6_port_c_39a90d8d__prvStartFirstTask 0x080001e5   Thumb Code    36  port.o(.emb_text)
    __asm___6_port_c_39a90d8d__prvEnableVFP  0x0800020d   Thumb Code    16  port.o(.emb_text)
    PendSV_Handler                           0x08000221   Thumb Code    88  port.o(.emb_text)
    vPortGetIPSR                             0x0800027d   Thumb Code     6  port.o(.emb_text)
    Reset_Handler                            0x08000285   Thumb Code     8  startup_stm32f427xx.o(.text)
    ADC_IRQHandler                           0x0800029f   Thumb Code     0  startup_stm32f427xx.o(.text)
    CAN1_SCE_IRQHandler                      0x0800029f   Thumb Code     0  startup_stm32f427xx.o(.text)
    CAN2_SCE_IRQHandler                      0x0800029f   Thumb Code     0  startup_stm32f427xx.o(.text)
    DCMI_IRQHandler                          0x0800029f   Thumb Code     0  startup_stm32f427xx.o(.text)
    DMA1_Stream0_IRQHandler                  0x0800029f   Thumb Code     0  startup_stm32f427xx.o(.text)
    DMA1_Stream2_IRQHandler                  0x0800029f   Thumb Code     0  startup_stm32f427xx.o(.text)
    DMA1_Stream3_IRQHandler                  0x0800029f   Thumb Code     0  startup_stm32f427xx.o(.text)
    DMA1_Stream4_IRQHandler                  0x0800029f   Thumb Code     0  startup_stm32f427xx.o(.text)
    DMA1_Stream5_IRQHandler                  0x0800029f   Thumb Code     0  startup_stm32f427xx.o(.text)
    DMA1_Stream7_IRQHandler                  0x0800029f   Thumb Code     0  startup_stm32f427xx.o(.text)
    DMA2D_IRQHandler                         0x0800029f   Thumb Code     0  startup_stm32f427xx.o(.text)
    DMA2_Stream0_IRQHandler                  0x0800029f   Thumb Code     0  startup_stm32f427xx.o(.text)
    DMA2_Stream3_IRQHandler                  0x0800029f   Thumb Code     0  startup_stm32f427xx.o(.text)
    DMA2_Stream4_IRQHandler                  0x0800029f   Thumb Code     0  startup_stm32f427xx.o(.text)
    DMA2_Stream5_IRQHandler                  0x0800029f   Thumb Code     0  startup_stm32f427xx.o(.text)
    DMA2_Stream6_IRQHandler                  0x0800029f   Thumb Code     0  startup_stm32f427xx.o(.text)
    DMA2_Stream7_IRQHandler                  0x0800029f   Thumb Code     0  startup_stm32f427xx.o(.text)
    ETH_IRQHandler                           0x0800029f   Thumb Code     0  startup_stm32f427xx.o(.text)
    ETH_WKUP_IRQHandler                      0x0800029f   Thumb Code     0  startup_stm32f427xx.o(.text)
    EXTI0_IRQHandler                         0x0800029f   Thumb Code     0  startup_stm32f427xx.o(.text)
    EXTI15_10_IRQHandler                     0x0800029f   Thumb Code     0  startup_stm32f427xx.o(.text)
    EXTI1_IRQHandler                         0x0800029f   Thumb Code     0  startup_stm32f427xx.o(.text)
    EXTI2_IRQHandler                         0x0800029f   Thumb Code     0  startup_stm32f427xx.o(.text)
    EXTI3_IRQHandler                         0x0800029f   Thumb Code     0  startup_stm32f427xx.o(.text)
    EXTI4_IRQHandler                         0x0800029f   Thumb Code     0  startup_stm32f427xx.o(.text)
    EXTI9_5_IRQHandler                       0x0800029f   Thumb Code     0  startup_stm32f427xx.o(.text)
    FLASH_IRQHandler                         0x0800029f   Thumb Code     0  startup_stm32f427xx.o(.text)
    FMC_IRQHandler                           0x0800029f   Thumb Code     0  startup_stm32f427xx.o(.text)
    FPU_IRQHandler                           0x0800029f   Thumb Code     0  startup_stm32f427xx.o(.text)
    HASH_RNG_IRQHandler                      0x0800029f   Thumb Code     0  startup_stm32f427xx.o(.text)
    I2C1_ER_IRQHandler                       0x0800029f   Thumb Code     0  startup_stm32f427xx.o(.text)
    I2C1_EV_IRQHandler                       0x0800029f   Thumb Code     0  startup_stm32f427xx.o(.text)
    I2C2_ER_IRQHandler                       0x0800029f   Thumb Code     0  startup_stm32f427xx.o(.text)
    I2C2_EV_IRQHandler                       0x0800029f   Thumb Code     0  startup_stm32f427xx.o(.text)
    I2C3_ER_IRQHandler                       0x0800029f   Thumb Code     0  startup_stm32f427xx.o(.text)
    I2C3_EV_IRQHandler                       0x0800029f   Thumb Code     0  startup_stm32f427xx.o(.text)
    OTG_FS_IRQHandler                        0x0800029f   Thumb Code     0  startup_stm32f427xx.o(.text)
    OTG_FS_WKUP_IRQHandler                   0x0800029f   Thumb Code     0  startup_stm32f427xx.o(.text)
    OTG_HS_EP1_IN_IRQHandler                 0x0800029f   Thumb Code     0  startup_stm32f427xx.o(.text)
    OTG_HS_EP1_OUT_IRQHandler                0x0800029f   Thumb Code     0  startup_stm32f427xx.o(.text)
    OTG_HS_IRQHandler                        0x0800029f   Thumb Code     0  startup_stm32f427xx.o(.text)
    OTG_HS_WKUP_IRQHandler                   0x0800029f   Thumb Code     0  startup_stm32f427xx.o(.text)
    PVD_IRQHandler                           0x0800029f   Thumb Code     0  startup_stm32f427xx.o(.text)
    RCC_IRQHandler                           0x0800029f   Thumb Code     0  startup_stm32f427xx.o(.text)
    RTC_Alarm_IRQHandler                     0x0800029f   Thumb Code     0  startup_stm32f427xx.o(.text)
    RTC_WKUP_IRQHandler                      0x0800029f   Thumb Code     0  startup_stm32f427xx.o(.text)
    SAI1_IRQHandler                          0x0800029f   Thumb Code     0  startup_stm32f427xx.o(.text)
    SDIO_IRQHandler                          0x0800029f   Thumb Code     0  startup_stm32f427xx.o(.text)
    SPI1_IRQHandler                          0x0800029f   Thumb Code     0  startup_stm32f427xx.o(.text)
    SPI2_IRQHandler                          0x0800029f   Thumb Code     0  startup_stm32f427xx.o(.text)
    SPI3_IRQHandler                          0x0800029f   Thumb Code     0  startup_stm32f427xx.o(.text)
    SPI4_IRQHandler                          0x0800029f   Thumb Code     0  startup_stm32f427xx.o(.text)
    SPI5_IRQHandler                          0x0800029f   Thumb Code     0  startup_stm32f427xx.o(.text)
    SPI6_IRQHandler                          0x0800029f   Thumb Code     0  startup_stm32f427xx.o(.text)
    TAMP_STAMP_IRQHandler                    0x0800029f   Thumb Code     0  startup_stm32f427xx.o(.text)
    TIM1_BRK_TIM9_IRQHandler                 0x0800029f   Thumb Code     0  startup_stm32f427xx.o(.text)
    TIM1_CC_IRQHandler                       0x0800029f   Thumb Code     0  startup_stm32f427xx.o(.text)
    TIM1_UP_TIM10_IRQHandler                 0x0800029f   Thumb Code     0  startup_stm32f427xx.o(.text)
    TIM2_IRQHandler                          0x0800029f   Thumb Code     0  startup_stm32f427xx.o(.text)
    TIM3_IRQHandler                          0x0800029f   Thumb Code     0  startup_stm32f427xx.o(.text)
    TIM4_IRQHandler                          0x0800029f   Thumb Code     0  startup_stm32f427xx.o(.text)
    TIM5_IRQHandler                          0x0800029f   Thumb Code     0  startup_stm32f427xx.o(.text)
    TIM6_DAC_IRQHandler                      0x0800029f   Thumb Code     0  startup_stm32f427xx.o(.text)
    TIM7_IRQHandler                          0x0800029f   Thumb Code     0  startup_stm32f427xx.o(.text)
    TIM8_CC_IRQHandler                       0x0800029f   Thumb Code     0  startup_stm32f427xx.o(.text)
    TIM8_TRG_COM_TIM14_IRQHandler            0x0800029f   Thumb Code     0  startup_stm32f427xx.o(.text)
    TIM8_UP_TIM13_IRQHandler                 0x0800029f   Thumb Code     0  startup_stm32f427xx.o(.text)
    UART4_IRQHandler                         0x0800029f   Thumb Code     0  startup_stm32f427xx.o(.text)
    UART5_IRQHandler                         0x0800029f   Thumb Code     0  startup_stm32f427xx.o(.text)
    UART7_IRQHandler                         0x0800029f   Thumb Code     0  startup_stm32f427xx.o(.text)
    USART2_IRQHandler                        0x0800029f   Thumb Code     0  startup_stm32f427xx.o(.text)
    WWDG_IRQHandler                          0x0800029f   Thumb Code     0  startup_stm32f427xx.o(.text)
    __aeabi_uldivmod                         0x080002a9   Thumb Code    98  uldiv.o(.text)
    __aeabi_memcpy                           0x0800030b   Thumb Code    36  memcpya.o(.text)
    __aeabi_memcpy4                          0x0800030b   Thumb Code     0  memcpya.o(.text)
    __aeabi_memcpy8                          0x0800030b   Thumb Code     0  memcpya.o(.text)
    __aeabi_memset                           0x0800032f   Thumb Code    14  memseta.o(.text)
    __aeabi_memset4                          0x0800032f   Thumb Code     0  memseta.o(.text)
    __aeabi_memset8                          0x0800032f   Thumb Code     0  memseta.o(.text)
    __aeabi_memclr                           0x0800033d   Thumb Code     4  memseta.o(.text)
    __aeabi_memclr4                          0x0800033d   Thumb Code     0  memseta.o(.text)
    __aeabi_memclr8                          0x0800033d   Thumb Code     0  memseta.o(.text)
    memset                                   0x08000341   Thumb Code    18  memseta.o(.text)
    __aeabi_llsl                             0x08000353   Thumb Code    30  llshl.o(.text)
    _ll_shift_l                              0x08000353   Thumb Code     0  llshl.o(.text)
    __aeabi_llsr                             0x08000371   Thumb Code    32  llushr.o(.text)
    _ll_ushift_r                             0x08000371   Thumb Code     0  llushr.o(.text)
    __scatterload                            0x08000391   Thumb Code    28  init.o(.text)
    __scatterload_rt2                        0x08000391   Thumb Code     0  init.o(.text)
    BusFault_Handler                         0x080003b5   Thumb Code     2  stm32f4xx_it.o(i.BusFault_Handler)
    CAN1_RX0_IRQHandler                      0x080003b9   Thumb Code     6  stm32f4xx_it.o(i.CAN1_RX0_IRQHandler)
    CAN1_RX1_IRQHandler                      0x080003c5   Thumb Code     6  stm32f4xx_it.o(i.CAN1_RX1_IRQHandler)
    CAN1_TX_IRQHandler                       0x080003d1   Thumb Code     6  stm32f4xx_it.o(i.CAN1_TX_IRQHandler)
    CAN2_RX0_IRQHandler                      0x080003dd   Thumb Code     6  stm32f4xx_it.o(i.CAN2_RX0_IRQHandler)
    CAN2_RX1_IRQHandler                      0x080003e9   Thumb Code     6  stm32f4xx_it.o(i.CAN2_RX1_IRQHandler)
    CAN2_TX_IRQHandler                       0x080003f5   Thumb Code     6  stm32f4xx_it.o(i.CAN2_TX_IRQHandler)
    ChassisTask                              0x08000401   Thumb Code    14  chassis.o(i.ChassisTask)
    ControlTask                              0x08000415   Thumb Code     8  control.o(i.ControlTask)
    DMA1_Stream1_IRQHandler                  0x0800041d   Thumb Code     6  stm32f4xx_it.o(i.DMA1_Stream1_IRQHandler)
    DMA1_Stream6_IRQHandler                  0x08000429   Thumb Code     6  stm32f4xx_it.o(i.DMA1_Stream6_IRQHandler)
    DMA2_Stream1_IRQHandler                  0x08000435   Thumb Code     6  stm32f4xx_it.o(i.DMA2_Stream1_IRQHandler)
    DMA2_Stream2_IRQHandler                  0x08000441   Thumb Code     6  stm32f4xx_it.o(i.DMA2_Stream2_IRQHandler)
    DebugMon_Handler                         0x080004f1   Thumb Code     2  stm32f4xx_it.o(i.DebugMon_Handler)
    DefaultTask                              0x080004f3   Thumb Code    10  freertos.o(i.DefaultTask)
    Error_Handler                            0x080004fd   Thumb Code     2  main.o(i.Error_Handler)
    GyroscopeTask                            0x080004ff   Thumb Code     8  gyroscope.o(i.GyroscopeTask)
    HAL_CAN_ActivateNotification             0x08000507   Thumb Code    36  stm32f4xx_hal_can.o(i.HAL_CAN_ActivateNotification)
    HAL_CAN_AddTxMessage                     0x0800052b   Thumb Code   220  stm32f4xx_hal_can.o(i.HAL_CAN_AddTxMessage)
    HAL_CAN_ConfigFilter                     0x08000609   Thumb Code   262  stm32f4xx_hal_can.o(i.HAL_CAN_ConfigFilter)
    HAL_CAN_ErrorCallback                    0x08000715   Thumb Code     2  stm32f4xx_hal_can.o(i.HAL_CAN_ErrorCallback)
    HAL_CAN_GetRxMessage                     0x08000717   Thumb Code   232  stm32f4xx_hal_can.o(i.HAL_CAN_GetRxMessage)
    HAL_CAN_IRQHandler                       0x080007ff   Thumb Code   508  stm32f4xx_hal_can.o(i.HAL_CAN_IRQHandler)
    HAL_CAN_Init                             0x080009fb   Thumb Code   282  stm32f4xx_hal_can.o(i.HAL_CAN_Init)
    HAL_CAN_MspInit                          0x08000b15   Thumb Code   292  can.o(i.HAL_CAN_MspInit)
    HAL_CAN_RxFifo0FullCallback              0x08000c51   Thumb Code     2  stm32f4xx_hal_can.o(i.HAL_CAN_RxFifo0FullCallback)
    HAL_CAN_RxFifo0MsgPendingCallback        0x08000c55   Thumb Code   126  bsp_can.o(i.HAL_CAN_RxFifo0MsgPendingCallback)
    HAL_CAN_RxFifo1FullCallback              0x08000ced   Thumb Code     2  stm32f4xx_hal_can.o(i.HAL_CAN_RxFifo1FullCallback)
    HAL_CAN_RxFifo1MsgPendingCallback        0x08000cef   Thumb Code     2  stm32f4xx_hal_can.o(i.HAL_CAN_RxFifo1MsgPendingCallback)
    HAL_CAN_SleepCallback                    0x08000cf1   Thumb Code     2  stm32f4xx_hal_can.o(i.HAL_CAN_SleepCallback)
    HAL_CAN_Start                            0x08000cf5   Thumb Code    88  stm32f4xx_hal_can.o(i.HAL_CAN_Start)
    HAL_CAN_TxMailbox0AbortCallback          0x08000d4d   Thumb Code     2  stm32f4xx_hal_can.o(i.HAL_CAN_TxMailbox0AbortCallback)
    HAL_CAN_TxMailbox0CompleteCallback       0x08000d4f   Thumb Code     2  stm32f4xx_hal_can.o(i.HAL_CAN_TxMailbox0CompleteCallback)
    HAL_CAN_TxMailbox1AbortCallback          0x08000d51   Thumb Code     2  stm32f4xx_hal_can.o(i.HAL_CAN_TxMailbox1AbortCallback)
    HAL_CAN_TxMailbox1CompleteCallback       0x08000d53   Thumb Code     2  stm32f4xx_hal_can.o(i.HAL_CAN_TxMailbox1CompleteCallback)
    HAL_CAN_TxMailbox2AbortCallback          0x08000d55   Thumb Code     2  stm32f4xx_hal_can.o(i.HAL_CAN_TxMailbox2AbortCallback)
    HAL_CAN_TxMailbox2CompleteCallback       0x08000d57   Thumb Code     2  stm32f4xx_hal_can.o(i.HAL_CAN_TxMailbox2CompleteCallback)
    HAL_CAN_WakeUpFromRxMsgCallback          0x08000d59   Thumb Code     2  stm32f4xx_hal_can.o(i.HAL_CAN_WakeUpFromRxMsgCallback)
    HAL_DMA_Abort_IT                         0x08000d5b   Thumb Code    36  stm32f4xx_hal_dma.o(i.HAL_DMA_Abort_IT)
    HAL_DMA_IRQHandler                       0x08000d81   Thumb Code   412  stm32f4xx_hal_dma.o(i.HAL_DMA_IRQHandler)
    HAL_DMA_Init                             0x08000f21   Thumb Code   206  stm32f4xx_hal_dma.o(i.HAL_DMA_Init)
    HAL_DMA_Start                            0x08000ff5   Thumb Code    70  stm32f4xx_hal_dma.o(i.HAL_DMA_Start)
    HAL_GPIO_Init                            0x0800103d   Thumb Code   414  stm32f4xx_hal_gpio.o(i.HAL_GPIO_Init)
    HAL_GPIO_WritePin                        0x08001211   Thumb Code    10  stm32f4xx_hal_gpio.o(i.HAL_GPIO_WritePin)
    HAL_GetTick                              0x0800121d   Thumb Code     6  stm32f4xx_hal.o(i.HAL_GetTick)
    HAL_IncTick                              0x08001229   Thumb Code    12  stm32f4xx_hal.o(i.HAL_IncTick)
    HAL_Init                                 0x08001239   Thumb Code    48  stm32f4xx_hal.o(i.HAL_Init)
    HAL_InitTick                             0x0800126d   Thumb Code   100  stm32f4xx_hal_timebase_tim.o(i.HAL_InitTick)
    HAL_MspInit                              0x080012e1   Thumb Code    42  stm32f4xx_hal_msp.o(i.HAL_MspInit)
    HAL_NVIC_EnableIRQ                       0x08001311   Thumb Code    26  stm32f4xx_hal_cortex.o(i.HAL_NVIC_EnableIRQ)
    HAL_NVIC_SetPriority                     0x0800132d   Thumb Code    60  stm32f4xx_hal_cortex.o(i.HAL_NVIC_SetPriority)
    HAL_NVIC_SetPriorityGrouping             0x0800136d   Thumb Code    26  stm32f4xx_hal_cortex.o(i.HAL_NVIC_SetPriorityGrouping)
    HAL_PWREx_EnableOverDrive                0x08001391   Thumb Code    98  stm32f4xx_hal_pwr_ex.o(i.HAL_PWREx_EnableOverDrive)
    HAL_RCC_ClockConfig                      0x08001401   Thumb Code   288  stm32f4xx_hal_rcc.o(i.HAL_RCC_ClockConfig)
    HAL_RCC_GetClockConfig                   0x08001535   Thumb Code    54  stm32f4xx_hal_rcc.o(i.HAL_RCC_GetClockConfig)
    HAL_RCC_GetPCLK1Freq                     0x08001575   Thumb Code    20  stm32f4xx_hal_rcc.o(i.HAL_RCC_GetPCLK1Freq)
    HAL_RCC_GetPCLK2Freq                     0x08001595   Thumb Code    20  stm32f4xx_hal_rcc.o(i.HAL_RCC_GetPCLK2Freq)
    HAL_RCC_GetSysClockFreq                  0x080015b5   Thumb Code    88  stm32f4xx_hal_rcc.o(i.HAL_RCC_GetSysClockFreq)
    HAL_RCC_OscConfig                        0x08001619   Thumb Code   840  stm32f4xx_hal_rcc.o(i.HAL_RCC_OscConfig)
    HAL_TIMEx_BreakCallback                  0x08001975   Thumb Code     2  stm32f4xx_hal_tim_ex.o(i.HAL_TIMEx_BreakCallback)
    HAL_TIMEx_CommutCallback                 0x08001977   Thumb Code     2  stm32f4xx_hal_tim_ex.o(i.HAL_TIMEx_CommutCallback)
    HAL_TIMEx_MasterConfigSynchronization    0x08001979   Thumb Code   116  stm32f4xx_hal_tim_ex.o(i.HAL_TIMEx_MasterConfigSynchronization)
    HAL_TIM_Base_Init                        0x08001a09   Thumb Code    54  stm32f4xx_hal_tim.o(i.HAL_TIM_Base_Init)
    HAL_TIM_Base_MspInit                     0x08001a41   Thumb Code    98  tim.o(i.HAL_TIM_Base_MspInit)
    HAL_TIM_Base_Start_IT                    0x08001ab1   Thumb Code    34  stm32f4xx_hal_tim.o(i.HAL_TIM_Base_Start_IT)
    HAL_TIM_ConfigClockSource                0x08001ad3   Thumb Code   214  stm32f4xx_hal_tim.o(i.HAL_TIM_ConfigClockSource)
    HAL_TIM_IC_CaptureCallback               0x08001ba9   Thumb Code     2  stm32f4xx_hal_tim.o(i.HAL_TIM_IC_CaptureCallback)
    HAL_TIM_IRQHandler                       0x08001bab   Thumb Code   358  stm32f4xx_hal_tim.o(i.HAL_TIM_IRQHandler)
    HAL_TIM_OC_DelayElapsedCallback          0x08001d11   Thumb Code     2  stm32f4xx_hal_tim.o(i.HAL_TIM_OC_DelayElapsedCallback)
    HAL_TIM_PWM_PulseFinishedCallback        0x08001d13   Thumb Code     2  stm32f4xx_hal_tim.o(i.HAL_TIM_PWM_PulseFinishedCallback)
    HAL_TIM_PeriodElapsedCallback            0x08001d15   Thumb Code    14  main.o(i.HAL_TIM_PeriodElapsedCallback)
    HAL_TIM_TriggerCallback                  0x08001d29   Thumb Code     2  stm32f4xx_hal_tim.o(i.HAL_TIM_TriggerCallback)
    HAL_UART_ErrorCallback                   0x08001d2b   Thumb Code     2  stm32f4xx_hal_uart.o(i.HAL_UART_ErrorCallback)
    HAL_UART_IRQHandler                      0x08001d2d   Thumb Code   270  stm32f4xx_hal_uart.o(i.HAL_UART_IRQHandler)
    HAL_UART_Init                            0x08001e41   Thumb Code    98  stm32f4xx_hal_uart.o(i.HAL_UART_Init)
    HAL_UART_MspInit                         0x08001ea5   Thumb Code   564  usart.o(i.HAL_UART_MspInit)
    HAL_UART_RxCpltCallback                  0x0800210d   Thumb Code     2  stm32f4xx_hal_uart.o(i.HAL_UART_RxCpltCallback)
    HAL_UART_TxCpltCallback                  0x0800210f   Thumb Code     2  stm32f4xx_hal_uart.o(i.HAL_UART_TxCpltCallback)
    HardFault_Handler                        0x08002111   Thumb Code     2  stm32f4xx_it.o(i.HardFault_Handler)
    IMU_usart8_init                          0x08002115   Thumb Code    32  bsp_uart.o(i.IMU_usart8_init)
    MX_CAN1_Init                             0x0800213d   Thumb Code    58  can.o(i.MX_CAN1_Init)
    MX_CAN2_Init                             0x08002181   Thumb Code    58  can.o(i.MX_CAN2_Init)
    MX_DMA_Init                              0x080021c5   Thumb Code   104  dma.o(i.MX_DMA_Init)
    MX_FREERTOS_Init                         0x08002231   Thumb Code    96  freertos.o(i.MX_FREERTOS_Init)
    MX_GPIO_Init                             0x08002299   Thumb Code   248  gpio.o(i.MX_GPIO_Init)
    MX_TIM1_Init                             0x080023a1   Thumb Code    98  tim.o(i.MX_TIM1_Init)
    MX_TIM2_Init                             0x0800240d   Thumb Code    98  tim.o(i.MX_TIM2_Init)
    MX_TIM3_Init                             0x08002475   Thumb Code    94  tim.o(i.MX_TIM3_Init)
    MX_UART8_Init                            0x080024dd   Thumb Code    48  usart.o(i.MX_UART8_Init)
    MX_USART1_UART_Init                      0x08002515   Thumb Code    50  usart.o(i.MX_USART1_UART_Init)
    MX_USART3_UART_Init                      0x08002555   Thumb Code    48  usart.o(i.MX_USART3_UART_Init)
    MX_USART6_UART_Init                      0x0800258d   Thumb Code    48  usart.o(i.MX_USART6_UART_Init)
    MemManage_Handler                        0x080025c5   Thumb Code     2  stm32f4xx_it.o(i.MemManage_Handler)
    NMI_Handler                              0x080025c7   Thumb Code     2  stm32f4xx_it.o(i.NMI_Handler)
    Packet_Decode                            0x0800273d   Thumb Code   232  packet.o(i.Packet_Decode)
    Packet_DecodeInit                        0x08002829   Thumb Code    18  packet.o(i.Packet_DecodeInit)
    SysTick_Handler                          0x08002841   Thumb Code    38  port.o(i.SysTick_Handler)
    SystemClock_Config                       0x0800286d   Thumb Code   130  main.o(i.SystemClock_Config)
    SystemInit                               0x080028f9   Thumb Code    22  system_stm32f4xx.o(i.SystemInit)
    TIM1_TRG_COM_TIM11_IRQHandler            0x08002915   Thumb Code     6  stm32f4xx_it.o(i.TIM1_TRG_COM_TIM11_IRQHandler)
    TIM8_BRK_TIM12_IRQHandler                0x08002921   Thumb Code     6  stm32f4xx_it.o(i.TIM8_BRK_TIM12_IRQHandler)
    TIM_Base_SetConfig                       0x0800292d   Thumb Code   156  stm32f4xx_hal_tim.o(i.TIM_Base_SetConfig)
    TIM_ETR_SetConfig                        0x080029f5   Thumb Code    20  stm32f4xx_hal_tim.o(i.TIM_ETR_SetConfig)
    UART8_IRQHandler                         0x08002a61   Thumb Code    24  stm32f4xx_it.o(i.UART8_IRQHandler)
    USART1_IRQHandler                        0x08002cd1   Thumb Code    24  stm32f4xx_it.o(i.USART1_IRQHandler)
    USART3_IRQHandler                        0x08002cf1   Thumb Code     6  stm32f4xx_it.o(i.USART3_IRQHandler)
    USART6_IRQHandler                        0x08002cfd   Thumb Code     6  stm32f4xx_it.o(i.USART6_IRQHandler)
    UsageFault_Handler                       0x08002d09   Thumb Code     2  stm32f4xx_it.o(i.UsageFault_Handler)
    __scatterload_copy                       0x08002d2b   Thumb Code    14  handlers.o(i.__scatterload_copy)
    __scatterload_null                       0x08002d39   Thumb Code     2  handlers.o(i.__scatterload_null)
    __scatterload_zeroinit                   0x08002d3b   Thumb Code    14  handlers.o(i.__scatterload_zeroinit)
    can_user_init                            0x08002d49   Thumb Code    58  bsp_can.o(i.can_user_init)
    dbus_uart_init                           0x08002db1   Thumb Code    32  bsp_uart.o(i.dbus_uart_init)
    get_moto3508_measure                     0x08002dd9   Thumb Code    66  bsp_can.o(i.get_moto3508_measure)
    get_moto3508_offset                      0x08002e1b   Thumb Code    10  bsp_can.o(i.get_moto3508_offset)
    gro_callback_handler                     0x08002e25   Thumb Code    52  bsp_uart.o(i.gro_callback_handler)
    imu_data_decode_init                     0x08002e65   Thumb Code    14  imu_data_decode.o(i.imu_data_decode_init)
    main                                     0x08002e7d   Thumb Code    90  main.o(i.main)
    osDelay                                  0x08002eed   Thumb Code    14  cmsis_os.o(i.osDelay)
    osKernelStart                            0x08002efb   Thumb Code    10  cmsis_os.o(i.osKernelStart)
    osThreadCreate                           0x08002f05   Thumb Code    84  cmsis_os.o(i.osThreadCreate)
    pid_parameter_init                       0x08002f59   Thumb Code     2  pid.o(i.pid_parameter_init)
    pvPortMalloc                             0x080032a9   Thumb Code   210  heap_4.o(i.pvPortMalloc)
    pxPortInitialiseStack                    0x08003381   Thumb Code    40  port.o(i.pxPortInitialiseStack)
    rc_callback_handler                      0x080033ad   Thumb Code   166  bsp_uart.o(i.rc_callback_handler)
    send_iq_by_can1                          0x08003455   Thumb Code   106  bsp_can.o(i.send_iq_by_can1)
    uart_receive_dma_no_it                   0x080034c9   Thumb Code    62  bsp_uart.o(i.uart_receive_dma_no_it)
    uart_receive_handler                     0x08003507   Thumb Code    20  bsp_uart.o(i.uart_receive_handler)
    uxListRemove                             0x0800359d   Thumb Code    38  list.o(i.uxListRemove)
    vApplicationGetIdleTaskMemory            0x080035c5   Thumb Code    16  freertos.o(i.vApplicationGetIdleTaskMemory)
    vListInitialise                          0x080035d9   Thumb Code    22  list.o(i.vListInitialise)
    vListInitialiseItem                      0x080035ef   Thumb Code     6  list.o(i.vListInitialiseItem)
    vListInsert                              0x080035f5   Thumb Code    48  list.o(i.vListInsert)
    vListInsertEnd                           0x08003625   Thumb Code    24  list.o(i.vListInsertEnd)
    vPortEnterCritical                       0x0800363d   Thumb Code    54  port.o(i.vPortEnterCritical)
    vPortExitCritical                        0x0800367d   Thumb Code    34  port.o(i.vPortExitCritical)
    vPortFree                                0x080036a5   Thumb Code    88  heap_4.o(i.vPortFree)
    vPortSetupTimerInterrupt                 0x08003701   Thumb Code    32  port.o(i.vPortSetupTimerInterrupt)
    vTaskDelay                               0x08003725   Thumb Code    66  tasks.o(i.vTaskDelay)
    vTaskStartScheduler                      0x08003771   Thumb Code    90  tasks.o(i.vTaskStartScheduler)
    vTaskSuspendAll                          0x080037dd   Thumb Code    10  tasks.o(i.vTaskSuspendAll)
    vTaskSwitchContext                       0x080037ed   Thumb Code    82  tasks.o(i.vTaskSwitchContext)
    xPortStartScheduler                      0x08003849   Thumb Code   222  port.o(i.xPortStartScheduler)
    xTaskCreate                              0x0800393d   Thumb Code    90  tasks.o(i.xTaskCreate)
    xTaskCreateStatic                        0x08003997   Thumb Code    86  tasks.o(i.xTaskCreateStatic)
    xTaskIncrementTick                       0x080039ed   Thumb Code   192  tasks.o(i.xTaskIncrementTick)
    xTaskResumeAll                           0x08003ab5   Thumb Code   182  tasks.o(i.xTaskResumeAll)
    AHBPrescTable                            0x08003bf0   Data          16  system_stm32f4xx.o(.constdata)
    APBPrescTable                            0x08003c00   Data           8  system_stm32f4xx.o(.constdata)
    Region$$Table$$Base                      0x08003c2c   Number         0  anon$$obj.o(Region$$Table)
    Region$$Table$$Limit                     0x08003c4c   Number         0  anon$$obj.o(Region$$Table)
    DefaultHandle                            0x20000000   Data           4  freertos.o(.data)
    ChassisHandle                            0x20000004   Data           4  freertos.o(.data)
    GyroscopeHandle                          0x20000008   Data           4  freertos.o(.data)
    ControlHandle                            0x2000000c   Data           4  freertos.o(.data)
    uwTickFreq                               0x20000014   Data           1  stm32f4xx_hal.o(.data)
    uwTickPrio                               0x20000018   Data           4  stm32f4xx_hal.o(.data)
    uwTick                                   0x2000001c   Data           4  stm32f4xx_hal.o(.data)
    SystemCoreClock                          0x20000020   Data           4  system_stm32f4xx.o(.data)
    pxCurrentTCB                             0x20000024   Data           4  tasks.o(.data)
    tx_mailbox                               0x20000088   Data           4  bsp_can.o(.data)
    moto_rx_data_can1                        0x2000008c   Data           8  bsp_can.o(.data)
    moto_rx_data_can2                        0x20000094   Data           8  bsp_can.o(.data)
    IMU_receive_count                        0x2000009c   Data           1  bsp_uart.o(.data)
    id                                       0x200000a0   Data           1  imu_data_decode.o(.data)
    gro_usart_cnt                            0x200000a4   Data           4  imu_data_decode.o(.data)
    gro_angle_sum                            0x200000a8   Data           4  imu_data_decode.o(.data)
    gro_angle_average                        0x200000ac   Data           4  imu_data_decode.o(.data)
    offset                                   0x200000b0   Data           4  imu_data_decode.o(.data)
    acc                                      0x200000b4   Data           6  imu_data_decode.o(.data)
    gyo                                      0x200000ba   Data           6  imu_data_decode.o(.data)
    mag                                      0x200000c0   Data           6  imu_data_decode.o(.data)
    dbus_offline_cnt                         0x200000dc   Data           2  system.o(.data)
    gro_off_line_cnt                         0x200000de   Data           2  system.o(.data)
    chassis_iq                               0x200000e0   Data           8  chassis.o(.data)
    hcan1                                    0x2000033c   Data          40  can.o(.bss)
    hcan2                                    0x20000364   Data          40  can.o(.bss)
    htim1                                    0x2000038c   Data          64  tim.o(.bss)
    htim2                                    0x200003cc   Data          64  tim.o(.bss)
    htim3                                    0x2000040c   Data          64  tim.o(.bss)
    huart8                                   0x2000044c   Data          64  usart.o(.bss)
    huart1                                   0x2000048c   Data          64  usart.o(.bss)
    huart3                                   0x200004cc   Data          64  usart.o(.bss)
    huart6                                   0x2000050c   Data          64  usart.o(.bss)
    hdma_uart8_rx                            0x2000054c   Data          96  usart.o(.bss)
    hdma_usart1_rx                           0x200005ac   Data          96  usart.o(.bss)
    hdma_usart3_rx                           0x2000060c   Data          96  usart.o(.bss)
    hdma_usart6_rx                           0x2000066c   Data          96  usart.o(.bss)
    htim12                                   0x200006cc   Data          64  stm32f4xx_hal_timebase_tim.o(.bss)
    chassis_moto                             0x200043fc   Data         144  bsp_can.o(.bss)
    moto_rx_head_can1                        0x2000448c   Data          28  bsp_can.o(.bss)
    moto_rx_head_can2                        0x200044a8   Data          28  bsp_can.o(.bss)
    dbus_buf                                 0x200044c4   Data          18  bsp_uart.o(.bss)
    IMU_receive_buff                         0x200044d6   Data          30  bsp_uart.o(.bss)
    rc                                       0x200044f4   Data          20  bsp_uart.o(.bss)
    eular                                    0x20004594   Data          12  imu_data_decode.o(.bss)
    quat                                     0x200045a0   Data          16  imu_data_decode.o(.bss)
    __initial_sp                             0x200049b0   Data           0  startup_stm32f427xx.o(STACK)



==============================================================================

Memory Map of the image

  Image Entry point : 0x080001ad

  Load Region LR_IROM1 (Base: 0x08000000, Size: 0x00003d34, Max: 0x00200000, ABSOLUTE)

    Execution Region ER_IROM1 (Exec base: 0x08000000, Load base: 0x08000000, Size: 0x00003c4c, Max: 0x00200000, ABSOLUTE)

    Exec Addr    Load Addr    Size         Type   Attr      Idx    E Section Name        Object

    0x08000000   0x08000000   0x000001ac   Data   RO            3    RESET               startup_stm32f427xx.o
    0x080001ac   0x080001ac   0x00000000   Code   RO         5385  * .ARM.Collect$$$$00000000  mc_w.l(entry.o)
    0x080001ac   0x080001ac   0x00000004   Code   RO         5404    .ARM.Collect$$$$00000001  mc_w.l(entry2.o)
    0x080001b0   0x080001b0   0x00000004   Code   RO         5407    .ARM.Collect$$$$00000004  mc_w.l(entry5.o)
    0x080001b4   0x080001b4   0x00000000   Code   RO         5409    .ARM.Collect$$$$00000008  mc_w.l(entry7b.o)
    0x080001b4   0x080001b4   0x00000000   Code   RO         5411    .ARM.Collect$$$$0000000A  mc_w.l(entry8b.o)
    0x080001b4   0x080001b4   0x00000008   Code   RO         5412    .ARM.Collect$$$$0000000B  mc_w.l(entry9a.o)
    0x080001bc   0x080001bc   0x00000004   Code   RO         5419    .ARM.Collect$$$$0000000E  mc_w.l(entry12b.o)
    0x080001c0   0x080001c0   0x00000000   Code   RO         5414    .ARM.Collect$$$$0000000F  mc_w.l(entry10a.o)
    0x080001c0   0x080001c0   0x00000000   Code   RO         5416    .ARM.Collect$$$$00000011  mc_w.l(entry11a.o)
    0x080001c0   0x080001c0   0x00000004   Code   RO         5405    .ARM.Collect$$$$00002712  mc_w.l(entry2.o)
    0x080001c4   0x080001c4   0x000000be   Code   RO         4696    .emb_text           port.o
    0x08000282   0x08000282   0x00000002   PAD
    0x08000284   0x08000284   0x00000024   Code   RO            4    .text               startup_stm32f427xx.o
    0x080002a8   0x080002a8   0x00000062   Code   RO         5388    .text               mc_w.l(uldiv.o)
    0x0800030a   0x0800030a   0x00000024   Code   RO         5390    .text               mc_w.l(memcpya.o)
    0x0800032e   0x0800032e   0x00000024   Code   RO         5394    .text               mc_w.l(memseta.o)
    0x08000352   0x08000352   0x0000001e   Code   RO         5420    .text               mc_w.l(llshl.o)
    0x08000370   0x08000370   0x00000020   Code   RO         5422    .text               mc_w.l(llushr.o)
    0x08000390   0x08000390   0x00000024   Code   RO         5425    .text               mc_w.l(init.o)
    0x080003b4   0x080003b4   0x00000002   Code   RO          537    i.BusFault_Handler  stm32f4xx_it.o
    0x080003b6   0x080003b6   0x00000002   PAD
    0x080003b8   0x080003b8   0x0000000c   Code   RO          538    i.CAN1_RX0_IRQHandler  stm32f4xx_it.o
    0x080003c4   0x080003c4   0x0000000c   Code   RO          539    i.CAN1_RX1_IRQHandler  stm32f4xx_it.o
    0x080003d0   0x080003d0   0x0000000c   Code   RO          540    i.CAN1_TX_IRQHandler  stm32f4xx_it.o
    0x080003dc   0x080003dc   0x0000000c   Code   RO          541    i.CAN2_RX0_IRQHandler  stm32f4xx_it.o
    0x080003e8   0x080003e8   0x0000000c   Code   RO          542    i.CAN2_RX1_IRQHandler  stm32f4xx_it.o
    0x080003f4   0x080003f4   0x0000000c   Code   RO          543    i.CAN2_TX_IRQHandler  stm32f4xx_it.o
    0x08000400   0x08000400   0x00000014   Code   RO         5286    i.ChassisTask       chassis.o
    0x08000414   0x08000414   0x00000008   Code   RO         5334    i.ControlTask       control.o
    0x0800041c   0x0800041c   0x0000000c   Code   RO          544    i.DMA1_Stream1_IRQHandler  stm32f4xx_it.o
    0x08000428   0x08000428   0x0000000c   Code   RO          545    i.DMA1_Stream6_IRQHandler  stm32f4xx_it.o
    0x08000434   0x08000434   0x0000000c   Code   RO          546    i.DMA2_Stream1_IRQHandler  stm32f4xx_it.o
    0x08000440   0x08000440   0x0000000c   Code   RO          547    i.DMA2_Stream2_IRQHandler  stm32f4xx_it.o
    0x0800044c   0x0800044c   0x00000028   Code   RO         1502    i.DMA_CalcBaseAndBitshift  stm32f4xx_hal_dma.o
    0x08000474   0x08000474   0x00000054   Code   RO         1503    i.DMA_CheckFifoParam  stm32f4xx_hal_dma.o
    0x080004c8   0x080004c8   0x00000028   Code   RO         1504    i.DMA_SetConfig     stm32f4xx_hal_dma.o
    0x080004f0   0x080004f0   0x00000002   Code   RO          548    i.DebugMon_Handler  stm32f4xx_it.o
    0x080004f2   0x080004f2   0x0000000a   Code   RO          281    i.DefaultTask       freertos.o
    0x080004fc   0x080004fc   0x00000002   Code   RO           13    i.Error_Handler     main.o
    0x080004fe   0x080004fe   0x00000008   Code   RO         5361    i.GyroscopeTask     gyroscope.o
    0x08000506   0x08000506   0x00000024   Code   RO          758    i.HAL_CAN_ActivateNotification  stm32f4xx_hal_can.o
    0x0800052a   0x0800052a   0x000000dc   Code   RO          759    i.HAL_CAN_AddTxMessage  stm32f4xx_hal_can.o
    0x08000606   0x08000606   0x00000002   PAD
    0x08000608   0x08000608   0x0000010c   Code   RO          760    i.HAL_CAN_ConfigFilter  stm32f4xx_hal_can.o
    0x08000714   0x08000714   0x00000002   Code   RO          763    i.HAL_CAN_ErrorCallback  stm32f4xx_hal_can.o
    0x08000716   0x08000716   0x000000e8   Code   RO          766    i.HAL_CAN_GetRxMessage  stm32f4xx_hal_can.o
    0x080007fe   0x080007fe   0x000001fc   Code   RO          770    i.HAL_CAN_IRQHandler  stm32f4xx_hal_can.o
    0x080009fa   0x080009fa   0x0000011a   Code   RO          771    i.HAL_CAN_Init      stm32f4xx_hal_can.o
    0x08000b14   0x08000b14   0x0000013c   Code   RO          351    i.HAL_CAN_MspInit   can.o
    0x08000c50   0x08000c50   0x00000002   Code   RO          778    i.HAL_CAN_RxFifo0FullCallback  stm32f4xx_hal_can.o
    0x08000c52   0x08000c52   0x00000002   PAD
    0x08000c54   0x08000c54   0x00000098   Code   RO         4776    i.HAL_CAN_RxFifo0MsgPendingCallback  bsp_can.o
    0x08000cec   0x08000cec   0x00000002   Code   RO          780    i.HAL_CAN_RxFifo1FullCallback  stm32f4xx_hal_can.o
    0x08000cee   0x08000cee   0x00000002   Code   RO          781    i.HAL_CAN_RxFifo1MsgPendingCallback  stm32f4xx_hal_can.o
    0x08000cf0   0x08000cf0   0x00000002   Code   RO          782    i.HAL_CAN_SleepCallback  stm32f4xx_hal_can.o
    0x08000cf2   0x08000cf2   0x00000002   PAD
    0x08000cf4   0x08000cf4   0x00000058   Code   RO          783    i.HAL_CAN_Start     stm32f4xx_hal_can.o
    0x08000d4c   0x08000d4c   0x00000002   Code   RO          785    i.HAL_CAN_TxMailbox0AbortCallback  stm32f4xx_hal_can.o
    0x08000d4e   0x08000d4e   0x00000002   Code   RO          786    i.HAL_CAN_TxMailbox0CompleteCallback  stm32f4xx_hal_can.o
    0x08000d50   0x08000d50   0x00000002   Code   RO          787    i.HAL_CAN_TxMailbox1AbortCallback  stm32f4xx_hal_can.o
    0x08000d52   0x08000d52   0x00000002   Code   RO          788    i.HAL_CAN_TxMailbox1CompleteCallback  stm32f4xx_hal_can.o
    0x08000d54   0x08000d54   0x00000002   Code   RO          789    i.HAL_CAN_TxMailbox2AbortCallback  stm32f4xx_hal_can.o
    0x08000d56   0x08000d56   0x00000002   Code   RO          790    i.HAL_CAN_TxMailbox2CompleteCallback  stm32f4xx_hal_can.o
    0x08000d58   0x08000d58   0x00000002   Code   RO          792    i.HAL_CAN_WakeUpFromRxMsgCallback  stm32f4xx_hal_can.o
    0x08000d5a   0x08000d5a   0x00000024   Code   RO         1506    i.HAL_DMA_Abort_IT  stm32f4xx_hal_dma.o
    0x08000d7e   0x08000d7e   0x00000002   PAD
    0x08000d80   0x08000d80   0x000001a0   Code   RO         1510    i.HAL_DMA_IRQHandler  stm32f4xx_hal_dma.o
    0x08000f20   0x08000f20   0x000000d4   Code   RO         1511    i.HAL_DMA_Init      stm32f4xx_hal_dma.o
    0x08000ff4   0x08000ff4   0x00000046   Code   RO         1514    i.HAL_DMA_Start     stm32f4xx_hal_dma.o
    0x0800103a   0x0800103a   0x00000002   PAD
    0x0800103c   0x0800103c   0x000001d4   Code   RO         1398    i.HAL_GPIO_Init     stm32f4xx_hal_gpio.o
    0x08001210   0x08001210   0x0000000a   Code   RO         1402    i.HAL_GPIO_WritePin  stm32f4xx_hal_gpio.o
    0x0800121a   0x0800121a   0x00000002   PAD
    0x0800121c   0x0800121c   0x0000000c   Code   RO         1950    i.HAL_GetTick       stm32f4xx_hal.o
    0x08001228   0x08001228   0x00000010   Code   RO         1956    i.HAL_IncTick       stm32f4xx_hal.o
    0x08001238   0x08001238   0x00000034   Code   RO         1957    i.HAL_Init          stm32f4xx_hal.o
    0x0800126c   0x0800126c   0x00000074   Code   RO          718    i.HAL_InitTick      stm32f4xx_hal_timebase_tim.o
    0x080012e0   0x080012e0   0x00000030   Code   RO          694    i.HAL_MspInit       stm32f4xx_hal_msp.o
    0x08001310   0x08001310   0x0000001a   Code   RO         1805    i.HAL_NVIC_EnableIRQ  stm32f4xx_hal_cortex.o
    0x0800132a   0x0800132a   0x00000002   PAD
    0x0800132c   0x0800132c   0x00000040   Code   RO         1811    i.HAL_NVIC_SetPriority  stm32f4xx_hal_cortex.o
    0x0800136c   0x0800136c   0x00000024   Code   RO         1812    i.HAL_NVIC_SetPriorityGrouping  stm32f4xx_hal_cortex.o
    0x08001390   0x08001390   0x00000070   Code   RO         1734    i.HAL_PWREx_EnableOverDrive  stm32f4xx_hal_pwr_ex.o
    0x08001400   0x08001400   0x00000134   Code   RO          992    i.HAL_RCC_ClockConfig  stm32f4xx_hal_rcc.o
    0x08001534   0x08001534   0x00000040   Code   RO          996    i.HAL_RCC_GetClockConfig  stm32f4xx_hal_rcc.o
    0x08001574   0x08001574   0x00000020   Code   RO          999    i.HAL_RCC_GetPCLK1Freq  stm32f4xx_hal_rcc.o
    0x08001594   0x08001594   0x00000020   Code   RO         1000    i.HAL_RCC_GetPCLK2Freq  stm32f4xx_hal_rcc.o
    0x080015b4   0x080015b4   0x00000064   Code   RO         1001    i.HAL_RCC_GetSysClockFreq  stm32f4xx_hal_rcc.o
    0x08001618   0x08001618   0x0000035c   Code   RO         1004    i.HAL_RCC_OscConfig  stm32f4xx_hal_rcc.o
    0x08001974   0x08001974   0x00000002   Code   RO         2882    i.HAL_TIMEx_BreakCallback  stm32f4xx_hal_tim_ex.o
    0x08001976   0x08001976   0x00000002   Code   RO         2883    i.HAL_TIMEx_CommutCallback  stm32f4xx_hal_tim_ex.o
    0x08001978   0x08001978   0x00000090   Code   RO         2900    i.HAL_TIMEx_MasterConfigSynchronization  stm32f4xx_hal_tim_ex.o
    0x08001a08   0x08001a08   0x00000036   Code   RO         2207    i.HAL_TIM_Base_Init  stm32f4xx_hal_tim.o
    0x08001a3e   0x08001a3e   0x00000002   PAD
    0x08001a40   0x08001a40   0x00000070   Code   RO          424    i.HAL_TIM_Base_MspInit  tim.o
    0x08001ab0   0x08001ab0   0x00000022   Code   RO         2212    i.HAL_TIM_Base_Start_IT  stm32f4xx_hal_tim.o
    0x08001ad2   0x08001ad2   0x000000d6   Code   RO         2216    i.HAL_TIM_ConfigClockSource  stm32f4xx_hal_tim.o
    0x08001ba8   0x08001ba8   0x00000002   Code   RO         2236    i.HAL_TIM_IC_CaptureCallback  stm32f4xx_hal_tim.o
    0x08001baa   0x08001baa   0x00000166   Code   RO         2250    i.HAL_TIM_IRQHandler  stm32f4xx_hal_tim.o
    0x08001d10   0x08001d10   0x00000002   Code   RO         2253    i.HAL_TIM_OC_DelayElapsedCallback  stm32f4xx_hal_tim.o
    0x08001d12   0x08001d12   0x00000002   Code   RO         2280    i.HAL_TIM_PWM_PulseFinishedCallback  stm32f4xx_hal_tim.o
    0x08001d14   0x08001d14   0x00000014   Code   RO           14    i.HAL_TIM_PeriodElapsedCallback  main.o
    0x08001d28   0x08001d28   0x00000002   Code   RO         2293    i.HAL_TIM_TriggerCallback  stm32f4xx_hal_tim.o
    0x08001d2a   0x08001d2a   0x00000002   Code   RO         3154    i.HAL_UART_ErrorCallback  stm32f4xx_hal_uart.o
    0x08001d2c   0x08001d2c   0x00000114   Code   RO         3157    i.HAL_UART_IRQHandler  stm32f4xx_hal_uart.o
    0x08001e40   0x08001e40   0x00000062   Code   RO         3158    i.HAL_UART_Init     stm32f4xx_hal_uart.o
    0x08001ea2   0x08001ea2   0x00000002   PAD
    0x08001ea4   0x08001ea4   0x00000268   Code   RO          478    i.HAL_UART_MspInit  usart.o
    0x0800210c   0x0800210c   0x00000002   Code   RO         3164    i.HAL_UART_RxCpltCallback  stm32f4xx_hal_uart.o
    0x0800210e   0x0800210e   0x00000002   Code   RO         3169    i.HAL_UART_TxCpltCallback  stm32f4xx_hal_uart.o
    0x08002110   0x08002110   0x00000002   Code   RO          549    i.HardFault_Handler  stm32f4xx_it.o
    0x08002112   0x08002112   0x00000002   PAD
    0x08002114   0x08002114   0x00000028   Code   RO         4876    i.IMU_usart8_init   bsp_uart.o
    0x0800213c   0x0800213c   0x00000044   Code   RO          352    i.MX_CAN1_Init      can.o
    0x08002180   0x08002180   0x00000044   Code   RO          353    i.MX_CAN2_Init      can.o
    0x080021c4   0x080021c4   0x0000006c   Code   RO          399    i.MX_DMA_Init       dma.o
    0x08002230   0x08002230   0x00000068   Code   RO          283    i.MX_FREERTOS_Init  freertos.o
    0x08002298   0x08002298   0x00000108   Code   RO          255    i.MX_GPIO_Init      gpio.o
    0x080023a0   0x080023a0   0x0000006c   Code   RO          425    i.MX_TIM1_Init      tim.o
    0x0800240c   0x0800240c   0x00000068   Code   RO          426    i.MX_TIM2_Init      tim.o
    0x08002474   0x08002474   0x00000068   Code   RO          427    i.MX_TIM3_Init      tim.o
    0x080024dc   0x080024dc   0x00000038   Code   RO          479    i.MX_UART8_Init     usart.o
    0x08002514   0x08002514   0x00000040   Code   RO          480    i.MX_USART1_UART_Init  usart.o
    0x08002554   0x08002554   0x00000038   Code   RO          481    i.MX_USART3_UART_Init  usart.o
    0x0800258c   0x0800258c   0x00000038   Code   RO          482    i.MX_USART6_UART_Init  usart.o
    0x080025c4   0x080025c4   0x00000002   Code   RO          550    i.MemManage_Handler  stm32f4xx_it.o
    0x080025c6   0x080025c6   0x00000002   Code   RO          551    i.NMI_Handler       stm32f4xx_it.o
    0x080025c8   0x080025c8   0x00000174   Code   RO         4957    i.OnDataReceived    imu_data_decode.o
    0x0800273c   0x0800273c   0x000000ec   Code   RO         5037    i.Packet_Decode     packet.o
    0x08002828   0x08002828   0x00000018   Code   RO         5038    i.Packet_DecodeInit  packet.o
    0x08002840   0x08002840   0x0000002c   Code   RO         4697    i.SysTick_Handler   port.o
    0x0800286c   0x0800286c   0x0000008c   Code   RO           15    i.SystemClock_Config  main.o
    0x080028f8   0x080028f8   0x0000001c   Code   RO         3460    i.SystemInit        system_stm32f4xx.o
    0x08002914   0x08002914   0x0000000c   Code   RO          552    i.TIM1_TRG_COM_TIM11_IRQHandler  stm32f4xx_it.o
    0x08002920   0x08002920   0x0000000c   Code   RO          553    i.TIM8_BRK_TIM12_IRQHandler  stm32f4xx_it.o
    0x0800292c   0x0800292c   0x000000c8   Code   RO         2295    i.TIM_Base_SetConfig  stm32f4xx_hal_tim.o
    0x080029f4   0x080029f4   0x00000014   Code   RO         2306    i.TIM_ETR_SetConfig  stm32f4xx_hal_tim.o
    0x08002a08   0x08002a08   0x00000010   Code   RO         2307    i.TIM_ITRx_SetConfig  stm32f4xx_hal_tim.o
    0x08002a18   0x08002a18   0x00000022   Code   RO         2313    i.TIM_TI1_ConfigInputStage  stm32f4xx_hal_tim.o
    0x08002a3a   0x08002a3a   0x00000024   Code   RO         2315    i.TIM_TI2_ConfigInputStage  stm32f4xx_hal_tim.o
    0x08002a5e   0x08002a5e   0x00000002   PAD
    0x08002a60   0x08002a60   0x00000020   Code   RO          554    i.UART8_IRQHandler  stm32f4xx_it.o
    0x08002a80   0x08002a80   0x00000010   Code   RO         3171    i.UART_DMAAbortOnError  stm32f4xx_hal_uart.o
    0x08002a90   0x08002a90   0x0000001c   Code   RO         3181    i.UART_EndRxTransfer  stm32f4xx_hal_uart.o
    0x08002aac   0x08002aac   0x00000096   Code   RO         3183    i.UART_Receive_IT   stm32f4xx_hal_uart.o
    0x08002b42   0x08002b42   0x00000002   PAD
    0x08002b44   0x08002b44   0x00000128   Code   RO         3184    i.UART_SetConfig    stm32f4xx_hal_uart.o
    0x08002c6c   0x08002c6c   0x00000062   Code   RO         3185    i.UART_Transmit_IT  stm32f4xx_hal_uart.o
    0x08002cce   0x08002cce   0x00000002   PAD
    0x08002cd0   0x08002cd0   0x00000020   Code   RO          555    i.USART1_IRQHandler  stm32f4xx_it.o
    0x08002cf0   0x08002cf0   0x0000000c   Code   RO          556    i.USART3_IRQHandler  stm32f4xx_it.o
    0x08002cfc   0x08002cfc   0x0000000c   Code   RO          557    i.USART6_IRQHandler  stm32f4xx_it.o
    0x08002d08   0x08002d08   0x00000002   Code   RO          558    i.UsageFault_Handler  stm32f4xx_it.o
    0x08002d0a   0x08002d0a   0x00000020   Code   RO         1818    i.__NVIC_SetPriority  stm32f4xx_hal_cortex.o
    0x08002d2a   0x08002d2a   0x0000000e   Code   RO         5429    i.__scatterload_copy  mc_w.l(handlers.o)
    0x08002d38   0x08002d38   0x00000002   Code   RO         5430    i.__scatterload_null  mc_w.l(handlers.o)
    0x08002d3a   0x08002d3a   0x0000000e   Code   RO         5431    i.__scatterload_zeroinit  mc_w.l(handlers.o)
    0x08002d48   0x08002d48   0x0000003a   Code   RO         4777    i.can_user_init     bsp_can.o
    0x08002d82   0x08002d82   0x0000002e   Code   RO         5040    i.crc16_update      packet.o
    0x08002db0   0x08002db0   0x00000028   Code   RO         4877    i.dbus_uart_init    bsp_uart.o
    0x08002dd8   0x08002dd8   0x00000042   Code   RO         4780    i.get_moto3508_measure  bsp_can.o
    0x08002e1a   0x08002e1a   0x0000000a   Code   RO         4781    i.get_moto3508_offset  bsp_can.o
    0x08002e24   0x08002e24   0x00000040   Code   RO         4879    i.gro_callback_handler  bsp_uart.o
    0x08002e64   0x08002e64   0x00000018   Code   RO         4964    i.imu_data_decode_init  imu_data_decode.o
    0x08002e7c   0x08002e7c   0x00000064   Code   RO           16    i.main              main.o
    0x08002ee0   0x08002ee0   0x0000000c   Code   RO         4268    i.makeFreeRtosPriority  cmsis_os.o
    0x08002eec   0x08002eec   0x0000000e   Code   RO         4270    i.osDelay           cmsis_os.o
    0x08002efa   0x08002efa   0x0000000a   Code   RO         4273    i.osKernelStart     cmsis_os.o
    0x08002f04   0x08002f04   0x00000054   Code   RO         4307    i.osThreadCreate    cmsis_os.o
    0x08002f58   0x08002f58   0x00000002   Code   RO         5212    i.pid_parameter_init  pid.o
    0x08002f5a   0x08002f5a   0x00000002   PAD
    0x08002f5c   0x08002f5c   0x00000070   Code   RO         3962    i.prvAddCurrentTaskToDelayedList  tasks.o
    0x08002fcc   0x08002fcc   0x000000d0   Code   RO         3963    i.prvAddNewTaskToReadyList  tasks.o
    0x0800309c   0x0800309c   0x00000034   Code   RO         3964    i.prvDeleteTCB      tasks.o
    0x080030d0   0x080030d0   0x0000004c   Code   RO         4635    i.prvHeapInit       heap_4.o
    0x0800311c   0x0800311c   0x00000060   Code   RO         3965    i.prvIdleTask       tasks.o
    0x0800317c   0x0800317c   0x00000098   Code   RO         3966    i.prvInitialiseNewTask  tasks.o
    0x08003214   0x08003214   0x0000004c   Code   RO         4636    i.prvInsertBlockIntoFreeList  heap_4.o
    0x08003260   0x08003260   0x00000020   Code   RO         3967    i.prvResetNextTaskUnblockTime  tasks.o
    0x08003280   0x08003280   0x00000028   Code   RO         4698    i.prvTaskExitError  port.o
    0x080032a8   0x080032a8   0x000000d8   Code   RO         4637    i.pvPortMalloc      heap_4.o
    0x08003380   0x08003380   0x0000002c   Code   RO         4699    i.pxPortInitialiseStack  port.o
    0x080033ac   0x080033ac   0x000000a6   Code   RO         4880    i.rc_callback_handler  bsp_uart.o
    0x08003452   0x08003452   0x00000002   PAD
    0x08003454   0x08003454   0x00000074   Code   RO         4784    i.send_iq_by_can1   bsp_can.o
    0x080034c8   0x080034c8   0x0000003e   Code   RO         4881    i.uart_receive_dma_no_it  bsp_uart.o
    0x08003506   0x08003506   0x00000014   Code   RO         4882    i.uart_receive_handler  bsp_uart.o
    0x0800351a   0x0800351a   0x00000002   PAD
    0x0800351c   0x0800351c   0x00000080   Code   RO         4883    i.uart_rx_idle_callback  bsp_uart.o
    0x0800359c   0x0800359c   0x00000026   Code   RO         3598    i.uxListRemove      list.o
    0x080035c2   0x080035c2   0x00000002   PAD
    0x080035c4   0x080035c4   0x00000014   Code   RO          284    i.vApplicationGetIdleTaskMemory  freertos.o
    0x080035d8   0x080035d8   0x00000016   Code   RO         3599    i.vListInitialise   list.o
    0x080035ee   0x080035ee   0x00000006   Code   RO         3600    i.vListInitialiseItem  list.o
    0x080035f4   0x080035f4   0x00000030   Code   RO         3601    i.vListInsert       list.o
    0x08003624   0x08003624   0x00000018   Code   RO         3602    i.vListInsertEnd    list.o
    0x0800363c   0x0800363c   0x00000040   Code   RO         4701    i.vPortEnterCritical  port.o
    0x0800367c   0x0800367c   0x00000028   Code   RO         4702    i.vPortExitCritical  port.o
    0x080036a4   0x080036a4   0x0000005c   Code   RO         4638    i.vPortFree         heap_4.o
    0x08003700   0x08003700   0x00000024   Code   RO         4703    i.vPortSetupTimerInterrupt  port.o
    0x08003724   0x08003724   0x0000004c   Code   RO         3975    i.vTaskDelay        tasks.o
    0x08003770   0x08003770   0x0000006c   Code   RO         3988    i.vTaskStartScheduler  tasks.o
    0x080037dc   0x080037dc   0x00000010   Code   RO         3990    i.vTaskSuspendAll   tasks.o
    0x080037ec   0x080037ec   0x0000005c   Code   RO         3991    i.vTaskSwitchContext  tasks.o
    0x08003848   0x08003848   0x000000f4   Code   RO         4705    i.xPortStartScheduler  port.o
    0x0800393c   0x0800393c   0x0000005a   Code   RO         3993    i.xTaskCreate       tasks.o
    0x08003996   0x08003996   0x00000056   Code   RO         3994    i.xTaskCreateStatic  tasks.o
    0x080039ec   0x080039ec   0x000000c8   Code   RO         4001    i.xTaskIncrementTick  tasks.o
    0x08003ab4   0x08003ab4   0x000000c4   Code   RO         4007    i.xTaskResumeAll    tasks.o
    0x08003b78   0x08003b78   0x00000070   Data   RO          286    .constdata          freertos.o
    0x08003be8   0x08003be8   0x00000008   Data   RO         1517    .constdata          stm32f4xx_hal_dma.o
    0x08003bf0   0x08003bf0   0x00000010   Data   RO         3461    .constdata          system_stm32f4xx.o
    0x08003c00   0x08003c00   0x00000008   Data   RO         3462    .constdata          system_stm32f4xx.o
    0x08003c08   0x08003c08   0x00000024   Data   RO          287    .conststring        freertos.o
    0x08003c2c   0x08003c2c   0x00000020   Data   RO         5427    Region$$Table       anon$$obj.o


    Execution Region RW_IRAM2 (Exec base: 0x10000000, Load base: 0x08003d34, Size: 0x00000000, Max: 0x00010000, ABSOLUTE)

    **** No section assigned to this execution region ****


    Execution Region RW_IRAM1 (Exec base: 0x20000000, Load base: 0x08003c4c, Size: 0x000049b0, Max: 0x00030000, ABSOLUTE)

    Exec Addr    Load Addr    Size         Type   Attr      Idx    E Section Name        Object

    0x20000000   0x08003c4c   0x00000010   Data   RW          288    .data               freertos.o
    0x20000010   0x08003c5c   0x00000004   Data   RW          355    .data               can.o
    0x20000014   0x08003c60   0x0000000c   Data   RW         1964    .data               stm32f4xx_hal.o
    0x20000020   0x08003c6c   0x00000004   Data   RW         3463    .data               system_stm32f4xx.o
    0x20000024   0x08003c70   0x0000003c   Data   RW         4010    .data               tasks.o
    0x20000060   0x08003cac   0x00000018   Data   RW         4643    .data               heap_4.o
    0x20000078   0x08003cc4   0x0000000c   Data   RW         4706    .data               port.o
    0x20000084   0x08003cd0   0x00000018   Data   RW         4791    .data               bsp_can.o
    0x2000009c   0x08003ce8   0x00000001   Data   RW         4885    .data               bsp_uart.o
    0x2000009d   0x08003ce9   0x00000003   PAD
    0x200000a0   0x08003cec   0x00000026   Data   RW         4966    .data               imu_data_decode.o
    0x200000c6   0x08003d12   0x00000002   PAD
    0x200000c8   0x08003d14   0x00000014   Data   RW         5041    .data               packet.o
    0x200000dc   0x08003d28   0x00000002   Data   RW         5169    .data               system.o
    0x200000de   0x08003d2a   0x00000002   Data   RW         5170    .data               system.o
    0x200000e0   0x08003d2c   0x00000008   Data   RW         5290    .data               chassis.o
    0x200000e8        -       0x00000254   Zero   RW          285    .bss                freertos.o
    0x2000033c        -       0x00000050   Zero   RW          354    .bss                can.o
    0x2000038c        -       0x000000c0   Zero   RW          428    .bss                tim.o
    0x2000044c        -       0x00000280   Zero   RW          483    .bss                usart.o
    0x200006cc        -       0x00000040   Zero   RW          721    .bss                stm32f4xx_hal_timebase_tim.o
    0x2000070c        -       0x000000f0   Zero   RW         4009    .bss                tasks.o
    0x200007fc        -       0x00003c00   Zero   RW         4642    .bss                heap_4.o
    0x200043fc        -       0x000000c8   Zero   RW         4788    .bss                bsp_can.o
    0x200044c4        -       0x00000044   Zero   RW         4884    .bss                bsp_uart.o
    0x20004508        -       0x000000a8   Zero   RW         4965    .bss                imu_data_decode.o
    0x200045b0        -       0x00000400   Zero   RW            1    STACK               startup_stm32f427xx.o


==============================================================================

Image component sizes


      Code (inc. data)   RO Data    RW Data    ZI Data      Debug   Object Name

       402         36          0         24        200       5620   bsp_can.o
       520         40          0          1         68       7068   bsp_uart.o
       452         44          0          4         80       2578   can.o
        20          6          0          8          0       1019   chassis.o
       120          0          0          0          0      23289   cmsis_os.o
         8          0          0          0          0        482   control.o
       108          4          0          0          0        870   dma.o
         0          0          0          0          0      15812   event_groups.o
       134         12        148         16        596       7309   freertos.o
       264         16          0          0          0       1115   gpio.o
         8          0          0          0          0        488   gyroscope.o
       460         24          0         24      15360       7443   heap_4.o
       396         28          0         38        168       2220   imu_data_decode.o
       138          0          0          0          0       3646   list.o
       262         26          0          0          0     775952   main.o
       306         18          0         20          0       2964   packet.o
         2          0          0          0          0        453   pid.o
       702         72          0         12          0      11264   port.o
        36          8        428          0       1024        852   startup_stm32f427xx.o
        80         14          0         12          0       8334   stm32f4xx_hal.o
      1658          6          0          0          0      14607   stm32f4xx_hal_can.o
       158         14          0          0          0      33242   stm32f4xx_hal_cortex.o
       898         16          8          0          0       6435   stm32f4xx_hal_dma.o
       478         54          0          0          0       2460   stm32f4xx_hal_gpio.o
        48          6          0          0          0        890   stm32f4xx_hal_msp.o
       112         14          0          0          0       1320   stm32f4xx_hal_pwr_ex.o
      1396         86          0          0          0       6001   stm32f4xx_hal_rcc.o
       974         44          0          0          0      10245   stm32f4xx_hal_tim.o
       148         28          0          0          0       2521   stm32f4xx_hal_tim_ex.o
       116         16          0          0         64       1472   stm32f4xx_hal_timebase_tim.o
       968         16          0          0          0       7639   stm32f4xx_hal_uart.o
       244        100          0          0          0      10862   stm32f4xx_it.o
         0          0          0          0          0        392   stream_buffer.o
         0          0          0          4          0        284   system.o
        28          6         24          4          0       1203   system_stm32f4xx.o
      1516        110          0         60        240      19778   tasks.o
       428         40          0          0        192       3204   tim.o
       848         90          0          0        640       4290   usart.o

    ----------------------------------------------------------------------
     14474        994        640        232      18632    1005623   Object Totals
         0          0         32          0          0          0   (incl. Generated)
        38          0          0          5          0          0   (incl. Padding)

    ----------------------------------------------------------------------

      Code (inc. data)   RO Data    RW Data    ZI Data      Debug   Library Member Name

         0          0          0          0          0          0   entry.o
         0          0          0          0          0          0   entry10a.o
         0          0          0          0          0          0   entry11a.o
         4          0          0          0          0          0   entry12b.o
         8          4          0          0          0          0   entry2.o
         4          0          0          0          0          0   entry5.o
         0          0          0          0          0          0   entry7b.o
         0          0          0          0          0          0   entry8b.o
         8          4          0          0          0          0   entry9a.o
        30          0          0          0          0          0   handlers.o
        36          8          0          0          0         68   init.o
        30          0          0          0          0         68   llshl.o
        32          0          0          0          0         68   llushr.o
        36          0          0          0          0         68   memcpya.o
        36          0          0          0          0        108   memseta.o
        98          0          0          0          0         92   uldiv.o

    ----------------------------------------------------------------------
       322         16          0          0          0        472   Library Totals
         0          0          0          0          0          0   (incl. Padding)

    ----------------------------------------------------------------------

      Code (inc. data)   RO Data    RW Data    ZI Data      Debug   Library Name

       322         16          0          0          0        472   mc_w.l

    ----------------------------------------------------------------------
       322         16          0          0          0        472   Library Totals

    ----------------------------------------------------------------------

==============================================================================


      Code (inc. data)   RO Data    RW Data    ZI Data      Debug   

     14796       1010        640        232      18632     989843   Grand Totals
     14796       1010        640        232      18632     989843   ELF Image Totals
     14796       1010        640        232          0          0   ROM Totals

==============================================================================

    Total RO  Size (Code + RO Data)                15436 (  15.07kB)
    Total RW  Size (RW Data + ZI Data)             18864 (  18.42kB)
    Total ROM Size (Code + RO Data + RW Data)      15668 (  15.30kB)

==============================================================================

